******************************************************************************
                  TI ARM Linker Unix v16.9.0                   
******************************************************************************
>> Linked Mon Feb  6 13:36:59 2017

OUTPUT FILE NAME:   <Build-RM57x.out>
ENTRY POINT SYMBOL: "_c_int00"  address: 00059ba0


MEMORY CONFIGURATION

         name            origin    length      used     unused   attr    fill
----------------------  --------  ---------  --------  --------  ----  --------
  VECTORS               00000000   00000020  00000020  00000000     X (ffffffff)
  FLASH0                00000020   001fffe0  0005a380  001a5c60  R  X (ffffffff)
  FLASH1                00200000   00200000  00000000  00200000  R  X (ffffffff)
  STACKS                08000000   00001500  00000000  00001500  RW  
  RAM                   08001500   0007eb00  0001325a  0006b8a6  RW  
  ECC_VEC               f0400000   00000004  00000004  00000000  R   
  ECC_FLA0              f0400004   0003fffc  0003fffc  00000000  R   
  ECC_FLA1              f0440000   00040000  00040000  00000000  R   


SEGMENT ALLOCATION MAP

run origin  load origin   length   init length attrs members
----------  ----------- ---------- ----------- ----- -------
00000000    00000000    00041a54   00041a54    r-x
  00000000    00000000    00000020   00000020    r-x .intvecs
  00000020    00000020    00041a34   00041a34    r-- .const
00041a60    00041a60    000187e4   000187e4    r-x
  00041a60    00041a60    000187e4   000187e4    r-x .text
0005a260    0005a260    00000168   00000168    r--
  0005a260    0005a260    00000168   00000168    r-- .cinit
08001500    08001500    0001325a   00000000    rw-
  08001500    08001500    000130d0   00000000    rw- .bss
  080145d0    080145d0    0000018a   00000000    rw- .data
f0400000    f0400000    00080000   00080000    r--
  f0400000    f0400000    00000004   00000004    r-- .ecc0
  f0400004    f0400004    0003fffc   0003fffc    r-- .ecc1
  f0440000    f0440000    00040000   00040000    r-- .ecc2


SECTION ALLOCATION MAP

 output                                  attributes/
section   page    origin      length       input sections
--------  ----  ----------  ----------   ----------------
.intvecs   0    00000000    00000020     
                  00000000    00000020     HL_sys_intvecs.obj (.intvecs)

.const     0    00000020    00041a34     
                  00000020    000363f5     fs.obj (.const:.string:data_img_Hercules_block_diagram_gif)
                  00036415    00007127     fs.obj (.const:.string:data_index_html)
                  0003d53c    0000293b     fs.obj (.const:.string:data_main_css)
                  0003fe77    00000d4b     fs.obj (.const:.string:data_img_ti_logo_gif)
                  00040bc2    00000777     fs.obj (.const:.string:data_IE60Fixes_css)
                  00041339    00000289     fs.obj (.const:.string:data_404_html)
                  000415c2    00000002     --HOLE-- [fill = 0]
                  000415c4    00000200     HL_sys_vim.obj (.const:s_vim_init)
                  000417c4    000000a0     fs.obj (.const:.string:data_BreadCrumbs_css)
                  00041864    00000078     lwiplib.obj (.const:.string)
                  000418dc    00000040     httpd.obj (.const:.string)
                  0004191c    0000002c     lwiplib.obj (.const:tcp_state_str)
                  00041948    00000028     httpd.obj (.const:g_psDefaultFilenames)
                  00041970    00000014     fs.obj (.const:file_404_html)
                  00041984    00000014     fs.obj (.const:file_BreadCrumbs_css)
                  00041998    00000014     fs.obj (.const:file_IE60Fixes_css)
                  000419ac    00000014     fs.obj (.const:file_img_Hercules_block_diagram_gif)
                  000419c0    00000014     fs.obj (.const:file_img_ti_logo_gif)
                  000419d4    00000014     fs.obj (.const:file_index_html)
                  000419e8    00000014     fs.obj (.const:file_main_css)
                  000419fc    00000010     lwiplib.obj (.const:memp_num)
                  00041a0c    00000010     lwiplib.obj (.const:memp_sizes)
                  00041a1c    00000010     lwiplib.obj (.const:tcp_pcb_lists)
                  00041a2c    0000000d     lwiplib.obj (.const:.string:tcp_backoff)
                  00041a39    00000007     lwiplib.obj (.const:.string:tcp_persist_backoff)
                  00041a40    00000006     lwiplib.obj (.const:ethbroadcast)
                  00041a46    00000006     lwiplib.obj (.const:ethzero)
                  00041a4c    00000004     lwiplib.obj (.const:ip_addr_any)
                  00041a50    00000004     lwiplib.obj (.const:ip_addr_broadcast)

.text      0    00041a60    000187e4     
                  00041a60    00010694     lwiplib.obj (.text)
                  000520f4    00001818     HL_emac.obj (.text)
                  0005390c    00000f38     httpd.obj (.text)
                  00054844    000009c0     HL_pinmux.obj (.text)
                  00055204    00000960     HL_system.obj (.text)
                  00055b64    00000938     HL_sys_vim.obj (.text)
                  0005649c    00000870     HL_sci.obj (.text)
                  00056d0c    000007a8     HL_esm.obj (.text)
                  000574b4    000006f4     HL_phy_dp83640.obj (.text)
                  00057ba8    000005e4     lwip_main.obj (.text)
                  0005818c    00000528     timers.obj (.text)
                  000586b4    00000484     HL_gio.obj (.text)
                  00058b38    000003b8     HL_sys_core.obj (.text)
                  00058ef0    00000378     HL_sys_mpu.obj (.text)
                  00059268    0000034c     HL_sys_vim.obj (.text:retain)
                  000595b4    000001c4     HL_mdio.obj (.text)
                  00059778    00000178     HL_esm.obj (.text:retain)
                  000598f0    00000104     fs.obj (.text)
                  000599f4    000000e0     rtsv7R4_T_le_v3D16_eabi.lib : s_floor.obj (.text)
                  00059ad4    000000cc     HL_emac.obj (.text:retain)
                  00059ba0    000000b4     HL_sys_startup.obj (.text:retain)
                  00059c54    000000a8     HL_notification.obj (.text)
                  00059cfc    000000a0     lwip_main.obj (.text:retain)
                  00059d9c    0000009c     rtsv7R4_T_le_v3D16_eabi.lib : memcpy_t2.obj (.text)
                  00059e38    00000090     def.obj (.text)
                  00059ec8    0000007a     rtsv7R4_T_le_v3D16_eabi.lib : memset_t2.obj (.text)
                  00059f42    00000002                                 : i_div0.obj (.text)
                  00059f44    00000070                                 : autoinit.obj (.text)
                  00059fb4    0000006c                                 : copy_decompress_lzss.obj (.text:decompress:lzss)
                  0005a020    00000054                                 : i_div32.obj (.text)
                  0005a074    00000050                                 : exit.obj (.text)
                  0005a0c4    00000050                                 : u_div32.obj (.text)
                  0005a114    0000004c                                 : cpy_tbl.obj (.text)
                  0005a160    0000002a                                 : strncmp.obj (.text)
                  0005a18a    00000026                                 : memcmp.obj (.text)
                  0005a1b0    0000001c     HL_sys_main.obj (.text)
                  0005a1cc    00000018     rtsv7R4_T_le_v3D16_eabi.lib : strcmp.obj (.text)
                  0005a1e4    00000016                                 : strchr.obj (.text)
                  0005a1fa    00000016                                 : strlen.obj (.text)
                  0005a210    00000014                                 : _lock.obj (.text)
                  0005a224    0000000e                                 : copy_decompress_none.obj (.text:decompress:none)
                  0005a232    0000000c                                 : copy_zero_init.obj (.text:decompress:ZI)
                  0005a23e    00000002                                 : startup.obj (.text)
                  0005a240    00000004     HL_sys_phantom.obj (.text:retain)

.cinit     0    0005a260    00000168     
                  0005a260    00000140     (.cinit..data.load) [load image, compression = lzss]
                  0005a3a0    0000000c     (__TI_handler_table)
                  0005a3ac    00000004     --HOLE-- [fill = 0]
                  0005a3b0    00000008     (.cinit..bss.load) [load image, compression = zero_init]
                  0005a3b8    00000010     (__TI_cinit_table)

.bss       0    08001500    000130d0     UNINITIALIZED
                  08001500    00007814     (.common:ram_heap)
                  08008d14    00007594     lwiplib.obj (.bss:memp_memory)
                  080102a8    00003b24     HL_emac.obj (.bss:pbuf_array)
                  08013dcc    00000400     httpd.obj (.bss:httpd_req_buf)
                  080141cc    000000ea     (.common:lwip_stats)
                  080142b6    00000001     (.common:pbuf_free_ooseq_pending)
                  080142b7    00000001     (.common:tcp_active_pcbs_changed)
                  080142b8    000000c8     lwiplib.obj (.bss:arp_table)
                  08014380    00000054     lwiplib.obj (.bss:locatorData)
                  080143d4    00000050     HL_sci.obj (.bss:g_sciTransfer_t)
                  08014424    00000044     lwiplib.obj (.bss:hdkif_data)
                  08014468    0000003c     (.common:hdkif_data)
                  080144a4    00000037     lwiplib.obj (.bss)
                  080144db    00000001     --HOLE--
                  080144dc    00000034     lwiplib.obj (.bss:hdkNetIF)
                  08014510    00000028     (.common:dhcp_rx_options_val)
                  08014538    00000020     lwiplib.obj (.bss:memp_tab)
                  08014558    00000010     lwiplib.obj (.bss:inseg)
                  08014568    00000010     lwiplib.obj (.bss:str$3)
                  08014578    0000000c     timers.obj (.bss)
                  08014584    0000000c     (.common:dhcp_rx_options_given)
                  08014590    00000004     lwip_main.obj (.bss)
                  08014594    00000004     (.common:current_header)
                  08014598    00000004     (.common:current_iphdr_dest)
                  0801459c    00000004     (.common:current_iphdr_src)
                  080145a0    00000004     (.common:current_netif)
                  080145a4    00000004     (.common:netif_default)
                  080145a8    00000004     (.common:netif_list)
                  080145ac    00000004     (.common:tcp_active_pcbs)
                  080145b0    00000004     (.common:tcp_bound_pcbs)
                  080145b4    00000004     (.common:tcp_input_pcb)
                  080145b8    00000004     (.common:tcp_listen_pcbs)
                  080145bc    00000004     (.common:tcp_ticks)
                  080145c0    00000004     (.common:tcp_tmp_pcb)
                  080145c4    00000004     (.common:tcp_tw_pcbs)
                  080145c8    00000004     (.common:txtIPAddrItoA)
                  080145cc    00000004     (.common:udp_pcbs)

.data      0    080145d0    0000018a     UNINITIALIZED
                  080145d0    0000002e     lwip_main.obj (.data:txtErrorInit)
                  080145fe    00000025     lwiplib.obj (.data:txtPhyGetAlSts)
                  08014623    00000024     lwiplib.obj (.data:txtPhyGetLnkSts)
                  08014647    0000001f     lwip_main.obj (.data:txtNote1)
                  08014666    0000001d     lwip_main.obj (.data:txtEnetInit)
                  08014683    0000001c     lwiplib.obj (.data:txtPhySetupLink)
                  0801469f    0000001b     lwiplib.obj (.data:txtPhyGetId)
                  080146ba    0000001a     lwip_main.obj (.data:txtTitle)
                  080146d4    00000015     lwip_main.obj (.data:txtLittleEndian)
                  080146e9    00000014     lwip_main.obj (.data:txtIPAddrTxt)
                  080146fd    00000012     lwip_main.obj (.data:txtTI)
                  0801470f    0000000e     lwiplib.obj (.data:txtError)
                  0801471d    00000002     lwiplib.obj (.data:txtCRLF2)
                  0801471f    00000001     --HOLE--
                  08014720    0000000c     rtsv7R4_T_le_v3D16_eabi.lib : exit.obj (.data:$O1$$)
                  0801472c    0000000c     lwiplib.obj (.data)
                  08014738    00000008     rtsv7R4_T_le_v3D16_eabi.lib : _lock.obj (.data:$O1$$)
                  08014740    00000008     lwip_main.obj (.data)
                  08014748    00000008     lwiplib.obj (.data:txtSuccess)
                  08014750    00000006     HL_sys_main.obj (.data:emacAddress)
                  08014756    00000002     lwip_main.obj (.data:txtCRLF)
                  08014758    00000002     lwiplib.obj (.data:txtProgress)

.ecc0      0    f0400000    00000004     
                  f0400000    00000004     (.ecc0)

.ecc1      0    f0400004    0003fffc     
                  f0400004    0003fffc     (.ecc1)

.ecc2      0    f0440000    00040000     
                  f0440000    00040000     (.ecc2)

MODULE SUMMARY

       Module                     code     ro data   rw data
       ------                     ----     -------   -------
    ./HALCoGen-RM57x/source/
       HL_emac.obj                6372     0         15200  
       HL_sys_vim.obj             3204     512       0      
       HL_pinmux.obj              2496     0         0      
       HL_system.obj              2400     0         0      
       HL_esm.obj                 2336     0         0      
       HL_sci.obj                 2160     0         80     
       HL_phy_dp83640.obj         1780     0         0      
       HL_gio.obj                 1156     0         0      
       HL_sys_core.obj            952      0         0      
       HL_sys_mpu.obj             888      0         0      
       HL_mdio.obj                452      0         0      
       HL_sys_startup.obj         180      0         0      
       HL_notification.obj        168      0         0      
       HL_sys_main.obj            28       0         6      
       HL_sys_intvecs.obj         32       0         0      
       HL_sys_phantom.obj         4        0         0      
    +--+--------------------------+--------+---------+---------+
       Total:                     24608    512       15286  
                                                            
    ./example/hdk/src/
       lwip_main.obj              1668     0         209    
    +--+--------------------------+--------+---------+---------+
       Total:                     1668     0         209    
                                                            
    ./lwIP-1.4.1/apps/httpserver_raw/
       fs.obj                     260      267982    0      
       httpd.obj                  3896     104       1024   
    +--+--------------------------+--------+---------+---------+
       Total:                     4156     268086    1024   
                                                            
    ./lwIP-1.4.1/ports/hdk/
       lwiplib.obj                67220    252       61873  
    +--+--------------------------+--------+---------+---------+
       Total:                     67220    252       61873  
                                                            
    ./lwIP-1.4.1/src/core/
       timers.obj                 1320     0         12     
       def.obj                    144      0         0      
    +--+--------------------------+--------+---------+---------+
       Total:                     1464     0         12     
                                                            
    /opt/ti/ccsv7/tools/compiler/ti-cgt-arm_16.9.0.LTS/lib/rtsv7R4_T_le_v3D16_eabi.lib
       s_floor.obj                224      0         0      
       memcpy_t2.obj              156      0         0      
       memset_t2.obj              122      0         0      
       autoinit.obj               112      0         0      
       copy_decompress_lzss.obj   108      0         0      
       exit.obj                   80       0         12     
       i_div32.obj                84       0         0      
       u_div32.obj                80       0         0      
       cpy_tbl.obj                76       0         0      
       strncmp.obj                42       0         0      
       memcmp.obj                 38       0         0      
       _lock.obj                  20       0         8      
       strcmp.obj                 24       0         0      
       strchr.obj                 22       0         0      
       strlen.obj                 22       0         0      
       copy_decompress_none.obj   14       0         0      
       copy_zero_init.obj         12       0         0      
       i_div0.obj                 2        0         0      
       startup.obj                2        0         0      
    +--+--------------------------+--------+---------+---------+
       Total:                     1240     0         20     
                                                            
       Linker Generated:          0        524644    0      
    +--+--------------------------+--------+---------+---------+
       Grand Total:               100356   793494    78424  


LINKER GENERATED COPY TABLES

__TI_cinit_table @ 0005a3b8 records: 2, size/record: 8, table size: 16
	.data: load addr=0005a260, load size=00000140 bytes, run addr=080145d0, run size=0000018a bytes, compression=lzss
	.bss: load addr=0005a3b0, load size=00000008 bytes, run addr=08001500, run size=000130d0 bytes, compression=zero_init


LINKER GENERATED HANDLER TABLE

__TI_handler_table @ 0005a3a0 records: 3, size/record: 4, table size: 12
	index: 0, handler: __TI_zero_init
	index: 1, handler: __TI_decompress_lzss
	index: 2, handler: __TI_decompress_none


GLOBAL SYMBOLS: SORTED ALPHABETICALLY BY Name 

address   name                                
-------   ----                                
0005a075  C$$EXIT                             
0005760c  Dp83640AutoNegotiate                
000578d0  Dp83640DisableLoopback              
00057838  Dp83640EnableLoopback               
0005795c  Dp83640GetTimeStamp                 
000574b4  Dp83640IDGet                        
0005752c  Dp83640LinkStatusGet                
0005779c  Dp83640PartnerAbilityGet            
00057b80  Dp83640PartnerSpdGet                
000577c4  Dp83640Reset                        
00059cfc  EMACCore0RxIsr                      
00059d48  EMACCore0TxIsr                      
0005261c  EMACCoreIntAck                      
00052dbc  EMACDMAInit                         
00052acc  EMACDisableIdleState                
00052b58  EMACDisableLoopback                 
000522ec  EMACDuplexSet                       
00052aa8  EMACEnableIdleState                 
00052af0  EMACEnableLoopback                  
000529cc  EMACFrameSelect                     
00053768  EMACGetConfigValue                  
00052fb4  EMACHWInit                          
000523f4  EMACInit                            
00052838  EMACInstConfig                      
00052820  EMACIntVectorGet                    
0005289c  EMACLinkSetup                       
00052594  EMACMACAddrSet                      
00052530  EMACMACSrcAddrSet                   
000522c8  EMACMIIDisable                      
000522a4  EMACMIIEnable                       
000527f4  EMACNumFreeBufSet                   
00052264  EMACRMIISpeedSet                    
00052cb8  EMACReadNetStatRegisters            
000535c8  EMACReceive                         
000526d8  EMACRxBroadCastDisable              
00052694  EMACRxBroadCastEnable               
00052668  EMACRxCPWrite                       
00052380  EMACRxDisable                       
00052364  EMACRxEnable                        
00052c2c  EMACRxFlowControlDisable            
00052c08  EMACRxFlowControlEnable             
000523c8  EMACRxHdrDescPtrWrite               
00059b38  EMACRxIntISR                        
00052208  EMACRxIntPulseDisable               
000521ac  EMACRxIntPulseEnable                
00052d2c  EMACRxIntStat                       
00052758  EMACRxMultiCastDisable              
00052714  EMACRxMultiCastEnable               
00052c64  EMACRxSetFlowThreshold              
000529a0  EMACRxTeardown                      
000527c4  EMACRxUnicastClear                  
00052794  EMACRxUnicastSet                    
00052a5c  EMACSoftReset                       
00052c50  EMACSwizzleData                     
000532b0  EMACTransmit                        
0005263c  EMACTxCPWrite                       
00052348  EMACTxDisable                       
0005232c  EMACTxEnable                        
00052be4  EMACTxFlowControlDisable            
00052bc0  EMACTxFlowControlEnable             
0005239c  EMACTxHdrDescPtrWrite               
000534b0  EMACTxIntHandler                    
00059ad4  EMACTxIntISR                        
00052150  EMACTxIntPulseDisable               
000520f4  EMACTxIntPulseEnable                
00052cdc  EMACTxIntStat                       
000529fc  EMACTxPrioritySelect                
00052974  EMACTxTeardown                      
00057be8  EMAC_LwIP_Main                      
00058048  IntMasterIRQDisable                 
00058040  IntMasterIRQEnable                  
00058050  IntMasterStatusGet                  
00051c08  LocatorConfig                       
00059750  MDIODisable                         
0005972c  MDIOEnable                          
000596e4  MDIOInit                            
000596b4  MDIOPhyAliveStatusGet               
000596cc  MDIOPhyLinkStatusGet                
000595b4  MDIOPhyRegRead                      
0005964c  MDIOPhyRegWrite                     
UNDEFED   SHT$$INIT_ARRAY$$Base               
UNDEFED   SHT$$INIT_ARRAY$$Limit              
0005a3b8  __TI_CINIT_Base                     
0005a3c8  __TI_CINIT_Limit                    
0005a3a0  __TI_Handler_Table_Base             
0005a3ac  __TI_Handler_Table_Limit            
00058ee8  __TI_PINIT_Base                     
00058eec  __TI_PINIT_Limit                    
00059f45  __TI_auto_init                      
08014720  __TI_cleanup_ptr                    
00059fb5  __TI_decompress_lzss                
0005a225  __TI_decompress_none                
08014724  __TI_dtors_ptr                      
08014728  __TI_enable_exit_profile_output     
ffffffff  __TI_pprof_out_hndl                 
ffffffff  __TI_prof_data_size                 
ffffffff  __TI_prof_data_start                
00000000  __TI_static_base__                  
0005a233  __TI_zero_init                      
0005a020  __aeabi_idiv                        
00059f43  __aeabi_idiv0                       
0005a020  __aeabi_idivmod                     
00059ec9  __aeabi_memclr                      
00059ec9  __aeabi_memclr4                     
00059ec9  __aeabi_memclr8                     
00059d9d  __aeabi_memcpy                      
00059d9d  __aeabi_memcpy4                     
00059d9d  __aeabi_memcpy8                     
00059ecb  __aeabi_memset                      
00059ecb  __aeabi_memset4                     
00059ecb  __aeabi_memset8                     
0005a0c4  __aeabi_uidiv                       
0005a0c4  __aeabi_uidivmod                    
ffffffff  __binit__                           
ffffffff  __c_args__                          
00059ba0  _c_int00                            
00058e9c  _cacheDisable_                      
00058e64  _cacheEnable_                       
00058e44  _checkMemInitOn_                    
00058d50  _coreClearAuxiliaryDataFault_       
00058d64  _coreClearAuxiliaryInstructionFault_
00058d28  _coreClearDataFaultAddress_         
00058d00  _coreClearDataFault_                
00058d3c  _coreClearInstructionFaultAddress_  
00058d14  _coreClearInstructionFault_         
00058cd8  _coreDisableEventBusExport_         
00058cc8  _coreEnableEventBusExport_          
00058ce8  _coreEnableIrqVicOffset_            
00058cb0  _coreEnableVfp_                     
00058d48  _coreGetAuxiliaryDataFault_         
00058d5c  _coreGetAuxiliaryInstructionFault_  
00058d20  _coreGetDataFaultAddress_           
00058cf8  _coreGetDataFault_                  
00058d34  _coreGetInstructionFaultAddress_    
00058d0c  _coreGetInstructionFault_           
00058b38  _coreInitRegisters_                 
00058c44  _coreInitStackPointer_              
00058ec0  _dCacheInvalidate_                  
00058d70  _disable_IRQ_interrupt_             
00058d78  _enable_IRQ_interrupt_              
00058d80  _enable_interrupt_                  
00058d88  _esmCcmErrorsClear_                 
00058c90  _getCPSRValue_                      
00058c98  _gotoCPUIdle_                       
00058ed4  _iCacheInvalidate_                  
08014738  _lock                               
00058e10  _memInit_                           
00059210  _mpuAreRegionsSeparate_             
000591f4  _mpuDisableBackgroundRegion_        
000591cc  _mpuDisable_                        
000591e4  _mpuEnableBackgroundRegion_         
000591b4  _mpuEnable_                         
00059204  _mpuGetNumberOfRegions_             
00059234  _mpuGetRegionBaseAddress_           
00059254  _mpuGetRegionPermission_            
00059248  _mpuGetRegionType_                  
00059224  _mpuGetRegion_                      
00058ef0  _mpuInit_                           
0005922c  _mpuSetRegionBaseAddress_           
00059260  _mpuSetRegionSizeRegister_          
0005923c  _mpuSetRegionTypeAndPermission_     
0005921c  _mpuSetRegion_                      
0005a21f  _nop                                
0005a217  _register_lock                      
0005a211  _register_unlock                    
0005a23f  _system_post_cinit                  
0801473c  _unlock                             
0005a079  abort                               
ffffffff  binit                               
0005a115  copy_in                             
08014740  countEMACCore0RxIsr                 
08014744  countEMACCore0TxIsr                 
08014594  current_header                      
08014598  current_iphdr_dest                  
0801459c  current_iphdr_src                   
080145a0  current_netif                       
00042110  dhcp_cleanup                        
00041cc4  dhcp_coarse_tmr                     
00041d58  dhcp_fine_tmr                       
000422d0  dhcp_inform                         
0004241c  dhcp_network_changed                
00042bc4  dhcp_release                        
00042840  dhcp_renew                          
08014584  dhcp_rx_options_given               
08014510  dhcp_rx_options_val                 
000420e4  dhcp_set_struct                     
00042144  dhcp_start                          
00042d38  dhcp_stop                           
00059c8c  dmaGroupANotification               
08014750  emacAddress                         
00059cec  emacRxNotification                  
00059cdc  emacTxNotification                  
00059cc8  epcCAMFullNotification              
00059ccc  epcFIFOFullNotification             
00056f24  esmActivateNormalOperation          
00057080  esmClearStatus                      
000570e8  esmClearStatusBuffer                
000570c4  esmClearStatusUpper                 
00056ecc  esmDisableError                     
00056ef8  esmDisableErrorUpper                
00056f7c  esmDisableInterrupt                 
00056fa8  esmDisableInterruptUpper            
00056e84  esmEnableError                      
00056eb0  esmEnableErrorUpper                 
00056f34  esmEnableInterrupt                  
00056f60  esmEnableInterruptUpper             
00057218  esmEnterSelfTest                    
00056e68  esmError                            
000572f0  esmGetConfigValue                   
00057124  esmGetStatus                        
000571f0  esmGetStatusBuffer                  
000571a8  esmGetStatusUpper                   
00059c54  esmGroup1Notification               
00059c68  esmGroup2Notification               
00059c7c  esmGroup3Notification               
00059778  esmHighInterrupt                    
00056d0c  esmInit                             
000572a0  esmSelfTestStatus                   
00057104  esmSetCounterPreloadValue           
00056fc4  esmSetInterruptLevel                
00057040  esmSetInterruptLevelUpper           
00056f14  esmTriggerErrorPinReset             
0004fc30  etharp_cleanup_netif                
0004fcb4  etharp_find_addr                    
000500ac  etharp_output                       
0005032c  etharp_query                        
0005078c  etharp_request                      
0004f620  etharp_tmr                          
00041a40  ethbroadcast                        
000507e8  ethernet_input                      
00041a46  ethzero                             
0005a081  exit                                
00041970  file_404_html                       
00041984  file_BreadCrumbs_css                
00041998  file_IE60Fixes_css                  
000419ac  file_img_Hercules_block_diagram_gif 
000419c0  file_img_ti_logo_gif                
000419d4  file_index_html                     
000419e8  file_main_css                       
000599f5  floor                               
000599f5  floorl                              
000599cc  fs_bytes_left                       
000599bc  fs_close                            
000598f0  fs_open                             
00041948  g_psDefaultFilenames                
00055570  getResetSource                      
00058914  gioDisableNotification              
000588ac  gioEnableNotification               
00058814  gioGetBit                           
0005897c  gioGetConfigValue                   
0005883c  gioGetPort                          
000586b4  gioInit                             
00059ca0  gioNotification                     
000587a4  gioSetBit                           
00058784  gioSetDirection                     
000587f4  gioSetPort                          
00058854  gioToggleBit                        
08014468  hdkif_data                          
0005148c  hdkif_init                          
00051a48  hdkif_link_status                   
00050a28  hdkif_macaddrset                    
00051a1c  hdkif_netif_status                  
0005152c  hdkif_rx_inthandler                 
000509ec  hdkif_swizzle_data                  
00050a14  hdkif_swizzle_rxp                   
00050a00  hdkif_swizzle_txp                   
000518b8  hdkif_tx_inthandler                 
00054814  httpd_init                          
0004df58  icmp_dest_unreach                   
0004dbfc  icmp_input                          
0004e58c  inet_chksum                         
0004e5b4  inet_chksum_pbuf                    
0004e1cc  inet_chksum_pseudo                  
0004e398  inet_chksum_pseudo_partial          
00057e90  iommLock                            
00057eac  iommMuxEnableMdio                   
00057f14  iommMuxEnableMii                    
00057ec8  iommMuxEnableRmii                   
00057e74  iommUnlock                          
0004ef58  ip4_addr_isbroadcast                
0004f028  ip4_addr_netmask_valid              
00041a4c  ip_addr_any                         
00041a50  ip_addr_broadcast                   
0004e7ac  ip_input                            
0004eee0  ip_output                           
0004ec50  ip_output_if                        
0004e6b0  ip_route                            
0004f0bc  ipaddr_addr                         
0004f0e8  ipaddr_aton                         
0004f41c  ipaddr_ntoa                         
0004f438  ipaddr_ntoa_r                       
00051db4  lwIPInit                            
00052024  lwIPLinkStatusGet                   
00052000  lwIPNetIfStatusGet                  
00052048  lwIPRxIntHandler                    
0005206c  lwIPTxIntHandler                    
00059e78  lwip_htonl                          
00059e38  lwip_htons                          
00043c3c  lwip_init                           
00059eb4  lwip_ntohl                          
00059e64  lwip_ntohs                          
080141cc  lwip_stats                          
0005a1b0  main                                
000553a0  mapClocks                           
000444ec  mem_calloc                          
00043e54  mem_free                            
00043da4  mem_init                            
00044218  mem_malloc                          
00043f2c  mem_trim                            
0005a18b  memcmp                              
00059d9d  memcpy                              
000447ac  memp_free                           
0004453c  memp_init                           
000446a4  memp_malloc                         
00059ed1  memset                              
00054844  muxInit                             
0004482c  netif_add                           
080145a4  netif_default                       
00044a3c  netif_find                          
00044824  netif_init                          
080145a8  netif_list                          
0004494c  netif_remove                        
00044908  netif_set_addr                      
00044ccc  netif_set_default                   
00044d50  netif_set_down                      
00044c54  netif_set_gw                        
00044af0  netif_set_ipaddr                    
00044e0c  netif_set_link_down                 
00044d98  netif_set_link_up                   
00044c94  netif_set_netmask                   
00044cf4  netif_set_up                        
00044eec  pbuf_alloc                          
000456c0  pbuf_cat                            
00045750  pbuf_chain                          
0004563c  pbuf_clen                           
00045c8c  pbuf_coalesce                       
00045804  pbuf_copy                           
00045a00  pbuf_copy_partial                   
00045774  pbuf_dechain                        
00045528  pbuf_free                           
00044e44  pbuf_free_ooseq                     
080142b6  pbuf_free_ooseq_pending             
00045cfc  pbuf_get_at                         
00045398  pbuf_header                         
00045da0  pbuf_memcmp                         
00045eb4  pbuf_memfind                        
00045254  pbuf_realloc                        
00045688  pbuf_ref                            
00045f60  pbuf_strstr                         
00045b70  pbuf_take                           
00050990  perf_init                           
000552ec  periphInit                          
0005a240  phantomInterrupt                    
08001500  ram_heap                            
00046128  raw_bind                            
00046164  raw_connect                         
00045fe0  raw_input                           
000463f8  raw_new                             
000461a0  raw_recv                            
00046350  raw_remove                          
0004632c  raw_send                            
000461d0  raw_sendto                          
00000000  resetEntry                          
00056b58  sci1GetConfigValue                  
000569cc  sciDisableLoopback                  
00056a80  sciDisableNotification              
00058064  sciDisplayText                      
00056998  sciEnableLoopback                   
000569e8  sciEnableNotification               
00056b18  sciEnterResetState                  
00056b38  sciExitResetState                   
0005649c  sciInit                             
00056810  sciIsIdleDetected                   
000567f4  sciIsRxReady                        
00056644  sciIsTxReady                        
000580c4  sciNotification                     
00056888  sciReceive                          
0005685c  sciReceiveByte                      
0005682c  sciRxError                          
00056690  sciSend                             
00056660  sciSendByte                         
000565a8  sciSetBaudrate                      
00056588  sciSetFunctional                    
000552ac  setupFlash                          
00055204  setupPLL                            
00057ba8  smallDelay                          
00046464  stats_init                          
0005a1e5  strchr                              
0005a1cd  strcmp                              
0005a1fb  strlen                              
0005a161  strncmp                             
000509a0  sys_arch_protect                    
000509b8  sys_arch_unprotect                  
00058574  sys_check_timeouts                  
000509d4  sys_now                             
00058678  sys_restart_timeouts                
000582d4  sys_timeout                         
00058290  sys_timeouts_init                   
00058478  sys_untimeout                       
00055698  systemGetConfigValue                
000554cc  systemInit                          
00055540  systemPowerDown                     
00046988  tcp_abandon                         
00046acc  tcp_abort                           
000481f4  tcp_accept                          
080145ac  tcp_active_pcbs                     
080142b7  tcp_active_pcbs_changed             
00047f94  tcp_alloc                           
00048174  tcp_arg                             
00041a2c  tcp_backoff                         
00046ae4  tcp_bind                            
080145b0  tcp_bound_pcbs                      
00046874  tcp_close                           
000470b4  tcp_connect                         
000484cc  tcp_debug_state_str                 
00048460  tcp_eff_send_mss                    
0004bff8  tcp_enqueue_flags                   
000481d4  tcp_err                             
00047aa0  tcp_fasttmr                         
00046468  tcp_init                            
000484f4  tcp_input                           
080145b4  tcp_input_pcb                       
0004cd30  tcp_keepalive                       
080145b8  tcp_listen_pcbs                     
00046c98  tcp_listen_with_backlog             
00048164  tcp_new                             
00048438  tcp_next_iss                        
0004c33c  tcp_output                          
00041a1c  tcp_pcb_lists                       
00048244  tcp_pcb_purge                       
0004830c  tcp_pcb_remove                      
00041a39  tcp_persist_backoff                 
00048214  tcp_poll                            
00047b84  tcp_process_refused_data            
00048194  tcp_recv                            
00047da4  tcp_recv_null                       
00046f54  tcp_recved                          
0004cb68  tcp_rexmit                          
0004cc54  tcp_rexmit_fast                     
0004cad0  tcp_rexmit_rto                      
0004c9ac  tcp_rst                             
00047d58  tcp_seg_copy                        
00047cf8  tcp_seg_free                        
00047cb8  tcp_segs_free                       
0004c260  tcp_send_empty_ack                  
0004b470  tcp_send_fin                        
000481b4  tcp_sent                            
00047d38  tcp_setprio                         
000468ac  tcp_shutdown                        
000473a8  tcp_slowtmr                         
0004191c  tcp_state_str                       
080145bc  tcp_ticks                           
000581dc  tcp_timer_needed                    
080145c0  tcp_tmp_pcb                         
0004646c  tcp_tmr                             
080145c4  tcp_tw_pcbs                         
00046e7c  tcp_update_rcv_ann_wnd              
0004b8f0  tcp_write                           
0004cdf4  tcp_zero_window_probe               
00055264  trimLPO                             
08014756  txtCRLF                             
08014666  txtEnetInit                         
080145d0  txtErrorInit                        
080145c8  txtIPAddrItoA                       
080146e9  txtIPAddrTxt                        
080146d4  txtLittleEndian                     
08014647  txtNote1                            
080146fd  txtTI                               
080146ba  txtTitle                            
0004d84c  udp_bind                            
0004d9ac  udp_connect                         
0004daac  udp_disconnect                      
0004cfa4  udp_init                            
0004d05c  udp_input                           
0004dbbc  udp_new                             
080145cc  udp_pcbs                            
0004dae4  udp_recv                            
0004db14  udp_remove                          
0004d568  udp_send                            
0004d594  udp_sendto                          
0004d600  udp_sendto_if                       
00055c38  vimChannelMap                       
00055ea4  vimDisableInterrupt                 
00059268  vimECCErrorHandler                  
00055cdc  vimEnableInterrupt                  
00055f50  vimGetConfigValue                   
00055b64  vimInit                             


GLOBAL SYMBOLS: SORTED BY Symbol Address 

address   name                                
-------   ----                                
00000000  __TI_static_base__                  
00000000  resetEntry                          
0004191c  tcp_state_str                       
00041948  g_psDefaultFilenames                
00041970  file_404_html                       
00041984  file_BreadCrumbs_css                
00041998  file_IE60Fixes_css                  
000419ac  file_img_Hercules_block_diagram_gif 
000419c0  file_img_ti_logo_gif                
000419d4  file_index_html                     
000419e8  file_main_css                       
00041a1c  tcp_pcb_lists                       
00041a2c  tcp_backoff                         
00041a39  tcp_persist_backoff                 
00041a40  ethbroadcast                        
00041a46  ethzero                             
00041a4c  ip_addr_any                         
00041a50  ip_addr_broadcast                   
00041cc4  dhcp_coarse_tmr                     
00041d58  dhcp_fine_tmr                       
000420e4  dhcp_set_struct                     
00042110  dhcp_cleanup                        
00042144  dhcp_start                          
000422d0  dhcp_inform                         
0004241c  dhcp_network_changed                
00042840  dhcp_renew                          
00042bc4  dhcp_release                        
00042d38  dhcp_stop                           
00043c3c  lwip_init                           
00043da4  mem_init                            
00043e54  mem_free                            
00043f2c  mem_trim                            
00044218  mem_malloc                          
000444ec  mem_calloc                          
0004453c  memp_init                           
000446a4  memp_malloc                         
000447ac  memp_free                           
00044824  netif_init                          
0004482c  netif_add                           
00044908  netif_set_addr                      
0004494c  netif_remove                        
00044a3c  netif_find                          
00044af0  netif_set_ipaddr                    
00044c54  netif_set_gw                        
00044c94  netif_set_netmask                   
00044ccc  netif_set_default                   
00044cf4  netif_set_up                        
00044d50  netif_set_down                      
00044d98  netif_set_link_up                   
00044e0c  netif_set_link_down                 
00044e44  pbuf_free_ooseq                     
00044eec  pbuf_alloc                          
00045254  pbuf_realloc                        
00045398  pbuf_header                         
00045528  pbuf_free                           
0004563c  pbuf_clen                           
00045688  pbuf_ref                            
000456c0  pbuf_cat                            
00045750  pbuf_chain                          
00045774  pbuf_dechain                        
00045804  pbuf_copy                           
00045a00  pbuf_copy_partial                   
00045b70  pbuf_take                           
00045c8c  pbuf_coalesce                       
00045cfc  pbuf_get_at                         
00045da0  pbuf_memcmp                         
00045eb4  pbuf_memfind                        
00045f60  pbuf_strstr                         
00045fe0  raw_input                           
00046128  raw_bind                            
00046164  raw_connect                         
000461a0  raw_recv                            
000461d0  raw_sendto                          
0004632c  raw_send                            
00046350  raw_remove                          
000463f8  raw_new                             
00046464  stats_init                          
00046468  tcp_init                            
0004646c  tcp_tmr                             
00046874  tcp_close                           
000468ac  tcp_shutdown                        
00046988  tcp_abandon                         
00046acc  tcp_abort                           
00046ae4  tcp_bind                            
00046c98  tcp_listen_with_backlog             
00046e7c  tcp_update_rcv_ann_wnd              
00046f54  tcp_recved                          
000470b4  tcp_connect                         
000473a8  tcp_slowtmr                         
00047aa0  tcp_fasttmr                         
00047b84  tcp_process_refused_data            
00047cb8  tcp_segs_free                       
00047cf8  tcp_seg_free                        
00047d38  tcp_setprio                         
00047d58  tcp_seg_copy                        
00047da4  tcp_recv_null                       
00047f94  tcp_alloc                           
00048164  tcp_new                             
00048174  tcp_arg                             
00048194  tcp_recv                            
000481b4  tcp_sent                            
000481d4  tcp_err                             
000481f4  tcp_accept                          
00048214  tcp_poll                            
00048244  tcp_pcb_purge                       
0004830c  tcp_pcb_remove                      
00048438  tcp_next_iss                        
00048460  tcp_eff_send_mss                    
000484cc  tcp_debug_state_str                 
000484f4  tcp_input                           
0004b470  tcp_send_fin                        
0004b8f0  tcp_write                           
0004bff8  tcp_enqueue_flags                   
0004c260  tcp_send_empty_ack                  
0004c33c  tcp_output                          
0004c9ac  tcp_rst                             
0004cad0  tcp_rexmit_rto                      
0004cb68  tcp_rexmit                          
0004cc54  tcp_rexmit_fast                     
0004cd30  tcp_keepalive                       
0004cdf4  tcp_zero_window_probe               
0004cfa4  udp_init                            
0004d05c  udp_input                           
0004d568  udp_send                            
0004d594  udp_sendto                          
0004d600  udp_sendto_if                       
0004d84c  udp_bind                            
0004d9ac  udp_connect                         
0004daac  udp_disconnect                      
0004dae4  udp_recv                            
0004db14  udp_remove                          
0004dbbc  udp_new                             
0004dbfc  icmp_input                          
0004df58  icmp_dest_unreach                   
0004e1cc  inet_chksum_pseudo                  
0004e398  inet_chksum_pseudo_partial          
0004e58c  inet_chksum                         
0004e5b4  inet_chksum_pbuf                    
0004e6b0  ip_route                            
0004e7ac  ip_input                            
0004ec50  ip_output_if                        
0004eee0  ip_output                           
0004ef58  ip4_addr_isbroadcast                
0004f028  ip4_addr_netmask_valid              
0004f0bc  ipaddr_addr                         
0004f0e8  ipaddr_aton                         
0004f41c  ipaddr_ntoa                         
0004f438  ipaddr_ntoa_r                       
0004f620  etharp_tmr                          
0004fc30  etharp_cleanup_netif                
0004fcb4  etharp_find_addr                    
000500ac  etharp_output                       
0005032c  etharp_query                        
0005078c  etharp_request                      
000507e8  ethernet_input                      
00050990  perf_init                           
000509a0  sys_arch_protect                    
000509b8  sys_arch_unprotect                  
000509d4  sys_now                             
000509ec  hdkif_swizzle_data                  
00050a00  hdkif_swizzle_txp                   
00050a14  hdkif_swizzle_rxp                   
00050a28  hdkif_macaddrset                    
0005148c  hdkif_init                          
0005152c  hdkif_rx_inthandler                 
000518b8  hdkif_tx_inthandler                 
00051a1c  hdkif_netif_status                  
00051a48  hdkif_link_status                   
00051c08  LocatorConfig                       
00051db4  lwIPInit                            
00052000  lwIPNetIfStatusGet                  
00052024  lwIPLinkStatusGet                   
00052048  lwIPRxIntHandler                    
0005206c  lwIPTxIntHandler                    
000520f4  EMACTxIntPulseEnable                
00052150  EMACTxIntPulseDisable               
000521ac  EMACRxIntPulseEnable                
00052208  EMACRxIntPulseDisable               
00052264  EMACRMIISpeedSet                    
000522a4  EMACMIIEnable                       
000522c8  EMACMIIDisable                      
000522ec  EMACDuplexSet                       
0005232c  EMACTxEnable                        
00052348  EMACTxDisable                       
00052364  EMACRxEnable                        
00052380  EMACRxDisable                       
0005239c  EMACTxHdrDescPtrWrite               
000523c8  EMACRxHdrDescPtrWrite               
000523f4  EMACInit                            
00052530  EMACMACSrcAddrSet                   
00052594  EMACMACAddrSet                      
0005261c  EMACCoreIntAck                      
0005263c  EMACTxCPWrite                       
00052668  EMACRxCPWrite                       
00052694  EMACRxBroadCastEnable               
000526d8  EMACRxBroadCastDisable              
00052714  EMACRxMultiCastEnable               
00052758  EMACRxMultiCastDisable              
00052794  EMACRxUnicastSet                    
000527c4  EMACRxUnicastClear                  
000527f4  EMACNumFreeBufSet                   
00052820  EMACIntVectorGet                    
00052838  EMACInstConfig                      
0005289c  EMACLinkSetup                       
00052974  EMACTxTeardown                      
000529a0  EMACRxTeardown                      
000529cc  EMACFrameSelect                     
000529fc  EMACTxPrioritySelect                
00052a5c  EMACSoftReset                       
00052aa8  EMACEnableIdleState                 
00052acc  EMACDisableIdleState                
00052af0  EMACEnableLoopback                  
00052b58  EMACDisableLoopback                 
00052bc0  EMACTxFlowControlEnable             
00052be4  EMACTxFlowControlDisable            
00052c08  EMACRxFlowControlEnable             
00052c2c  EMACRxFlowControlDisable            
00052c50  EMACSwizzleData                     
00052c64  EMACRxSetFlowThreshold              
00052cb8  EMACReadNetStatRegisters            
00052cdc  EMACTxIntStat                       
00052d2c  EMACRxIntStat                       
00052dbc  EMACDMAInit                         
00052fb4  EMACHWInit                          
000532b0  EMACTransmit                        
000534b0  EMACTxIntHandler                    
000535c8  EMACReceive                         
00053768  EMACGetConfigValue                  
00054814  httpd_init                          
00054844  muxInit                             
00055204  setupPLL                            
00055264  trimLPO                             
000552ac  setupFlash                          
000552ec  periphInit                          
000553a0  mapClocks                           
000554cc  systemInit                          
00055540  systemPowerDown                     
00055570  getResetSource                      
00055698  systemGetConfigValue                
00055b64  vimInit                             
00055c38  vimChannelMap                       
00055cdc  vimEnableInterrupt                  
00055ea4  vimDisableInterrupt                 
00055f50  vimGetConfigValue                   
0005649c  sciInit                             
00056588  sciSetFunctional                    
000565a8  sciSetBaudrate                      
00056644  sciIsTxReady                        
00056660  sciSendByte                         
00056690  sciSend                             
000567f4  sciIsRxReady                        
00056810  sciIsIdleDetected                   
0005682c  sciRxError                          
0005685c  sciReceiveByte                      
00056888  sciReceive                          
00056998  sciEnableLoopback                   
000569cc  sciDisableLoopback                  
000569e8  sciEnableNotification               
00056a80  sciDisableNotification              
00056b18  sciEnterResetState                  
00056b38  sciExitResetState                   
00056b58  sci1GetConfigValue                  
00056d0c  esmInit                             
00056e68  esmError                            
00056e84  esmEnableError                      
00056eb0  esmEnableErrorUpper                 
00056ecc  esmDisableError                     
00056ef8  esmDisableErrorUpper                
00056f14  esmTriggerErrorPinReset             
00056f24  esmActivateNormalOperation          
00056f34  esmEnableInterrupt                  
00056f60  esmEnableInterruptUpper             
00056f7c  esmDisableInterrupt                 
00056fa8  esmDisableInterruptUpper            
00056fc4  esmSetInterruptLevel                
00057040  esmSetInterruptLevelUpper           
00057080  esmClearStatus                      
000570c4  esmClearStatusUpper                 
000570e8  esmClearStatusBuffer                
00057104  esmSetCounterPreloadValue           
00057124  esmGetStatus                        
000571a8  esmGetStatusUpper                   
000571f0  esmGetStatusBuffer                  
00057218  esmEnterSelfTest                    
000572a0  esmSelfTestStatus                   
000572f0  esmGetConfigValue                   
000574b4  Dp83640IDGet                        
0005752c  Dp83640LinkStatusGet                
0005760c  Dp83640AutoNegotiate                
0005779c  Dp83640PartnerAbilityGet            
000577c4  Dp83640Reset                        
00057838  Dp83640EnableLoopback               
000578d0  Dp83640DisableLoopback              
0005795c  Dp83640GetTimeStamp                 
00057b80  Dp83640PartnerSpdGet                
00057ba8  smallDelay                          
00057be8  EMAC_LwIP_Main                      
00057e74  iommUnlock                          
00057e90  iommLock                            
00057eac  iommMuxEnableMdio                   
00057ec8  iommMuxEnableRmii                   
00057f14  iommMuxEnableMii                    
00058040  IntMasterIRQEnable                  
00058048  IntMasterIRQDisable                 
00058050  IntMasterStatusGet                  
00058064  sciDisplayText                      
000580c4  sciNotification                     
000581dc  tcp_timer_needed                    
00058290  sys_timeouts_init                   
000582d4  sys_timeout                         
00058478  sys_untimeout                       
00058574  sys_check_timeouts                  
00058678  sys_restart_timeouts                
000586b4  gioInit                             
00058784  gioSetDirection                     
000587a4  gioSetBit                           
000587f4  gioSetPort                          
00058814  gioGetBit                           
0005883c  gioGetPort                          
00058854  gioToggleBit                        
000588ac  gioEnableNotification               
00058914  gioDisableNotification              
0005897c  gioGetConfigValue                   
00058b38  _coreInitRegisters_                 
00058c44  _coreInitStackPointer_              
00058c90  _getCPSRValue_                      
00058c98  _gotoCPUIdle_                       
00058cb0  _coreEnableVfp_                     
00058cc8  _coreEnableEventBusExport_          
00058cd8  _coreDisableEventBusExport_         
00058ce8  _coreEnableIrqVicOffset_            
00058cf8  _coreGetDataFault_                  
00058d00  _coreClearDataFault_                
00058d0c  _coreGetInstructionFault_           
00058d14  _coreClearInstructionFault_         
00058d20  _coreGetDataFaultAddress_           
00058d28  _coreClearDataFaultAddress_         
00058d34  _coreGetInstructionFaultAddress_    
00058d3c  _coreClearInstructionFaultAddress_  
00058d48  _coreGetAuxiliaryDataFault_         
00058d50  _coreClearAuxiliaryDataFault_       
00058d5c  _coreGetAuxiliaryInstructionFault_  
00058d64  _coreClearAuxiliaryInstructionFault_
00058d70  _disable_IRQ_interrupt_             
00058d78  _enable_IRQ_interrupt_              
00058d80  _enable_interrupt_                  
00058d88  _esmCcmErrorsClear_                 
00058e10  _memInit_                           
00058e44  _checkMemInitOn_                    
00058e64  _cacheEnable_                       
00058e9c  _cacheDisable_                      
00058ec0  _dCacheInvalidate_                  
00058ed4  _iCacheInvalidate_                  
00058ee8  __TI_PINIT_Base                     
00058eec  __TI_PINIT_Limit                    
00058ef0  _mpuInit_                           
000591b4  _mpuEnable_                         
000591cc  _mpuDisable_                        
000591e4  _mpuEnableBackgroundRegion_         
000591f4  _mpuDisableBackgroundRegion_        
00059204  _mpuGetNumberOfRegions_             
00059210  _mpuAreRegionsSeparate_             
0005921c  _mpuSetRegion_                      
00059224  _mpuGetRegion_                      
0005922c  _mpuSetRegionBaseAddress_           
00059234  _mpuGetRegionBaseAddress_           
0005923c  _mpuSetRegionTypeAndPermission_     
00059248  _mpuGetRegionType_                  
00059254  _mpuGetRegionPermission_            
00059260  _mpuSetRegionSizeRegister_          
00059268  vimECCErrorHandler                  
000595b4  MDIOPhyRegRead                      
0005964c  MDIOPhyRegWrite                     
000596b4  MDIOPhyAliveStatusGet               
000596cc  MDIOPhyLinkStatusGet                
000596e4  MDIOInit                            
0005972c  MDIOEnable                          
00059750  MDIODisable                         
00059778  esmHighInterrupt                    
000598f0  fs_open                             
000599bc  fs_close                            
000599cc  fs_bytes_left                       
000599f5  floor                               
000599f5  floorl                              
00059ad4  EMACTxIntISR                        
00059b38  EMACRxIntISR                        
00059ba0  _c_int00                            
00059c54  esmGroup1Notification               
00059c68  esmGroup2Notification               
00059c7c  esmGroup3Notification               
00059c8c  dmaGroupANotification               
00059ca0  gioNotification                     
00059cc8  epcCAMFullNotification              
00059ccc  epcFIFOFullNotification             
00059cdc  emacTxNotification                  
00059cec  emacRxNotification                  
00059cfc  EMACCore0RxIsr                      
00059d48  EMACCore0TxIsr                      
00059d9d  __aeabi_memcpy                      
00059d9d  __aeabi_memcpy4                     
00059d9d  __aeabi_memcpy8                     
00059d9d  memcpy                              
00059e38  lwip_htons                          
00059e64  lwip_ntohs                          
00059e78  lwip_htonl                          
00059eb4  lwip_ntohl                          
00059ec9  __aeabi_memclr                      
00059ec9  __aeabi_memclr4                     
00059ec9  __aeabi_memclr8                     
00059ecb  __aeabi_memset                      
00059ecb  __aeabi_memset4                     
00059ecb  __aeabi_memset8                     
00059ed1  memset                              
00059f43  __aeabi_idiv0                       
00059f45  __TI_auto_init                      
00059fb5  __TI_decompress_lzss                
0005a020  __aeabi_idiv                        
0005a020  __aeabi_idivmod                     
0005a075  C$$EXIT                             
0005a079  abort                               
0005a081  exit                                
0005a0c4  __aeabi_uidiv                       
0005a0c4  __aeabi_uidivmod                    
0005a115  copy_in                             
0005a161  strncmp                             
0005a18b  memcmp                              
0005a1b0  main                                
0005a1cd  strcmp                              
0005a1e5  strchr                              
0005a1fb  strlen                              
0005a211  _register_unlock                    
0005a217  _register_lock                      
0005a21f  _nop                                
0005a225  __TI_decompress_none                
0005a233  __TI_zero_init                      
0005a23f  _system_post_cinit                  
0005a240  phantomInterrupt                    
0005a3a0  __TI_Handler_Table_Base             
0005a3ac  __TI_Handler_Table_Limit            
0005a3b8  __TI_CINIT_Base                     
0005a3c8  __TI_CINIT_Limit                    
08001500  ram_heap                            
080141cc  lwip_stats                          
080142b6  pbuf_free_ooseq_pending             
080142b7  tcp_active_pcbs_changed             
08014468  hdkif_data                          
08014510  dhcp_rx_options_val                 
08014584  dhcp_rx_options_given               
08014594  current_header                      
08014598  current_iphdr_dest                  
0801459c  current_iphdr_src                   
080145a0  current_netif                       
080145a4  netif_default                       
080145a8  netif_list                          
080145ac  tcp_active_pcbs                     
080145b0  tcp_bound_pcbs                      
080145b4  tcp_input_pcb                       
080145b8  tcp_listen_pcbs                     
080145bc  tcp_ticks                           
080145c0  tcp_tmp_pcb                         
080145c4  tcp_tw_pcbs                         
080145c8  txtIPAddrItoA                       
080145cc  udp_pcbs                            
080145d0  txtErrorInit                        
08014647  txtNote1                            
08014666  txtEnetInit                         
080146ba  txtTitle                            
080146d4  txtLittleEndian                     
080146e9  txtIPAddrTxt                        
080146fd  txtTI                               
08014720  __TI_cleanup_ptr                    
08014724  __TI_dtors_ptr                      
08014728  __TI_enable_exit_profile_output     
08014738  _lock                               
0801473c  _unlock                             
08014740  countEMACCore0RxIsr                 
08014744  countEMACCore0TxIsr                 
08014750  emacAddress                         
08014756  txtCRLF                             
ffffffff  __TI_pprof_out_hndl                 
ffffffff  __TI_prof_data_size                 
ffffffff  __TI_prof_data_start                
ffffffff  __binit__                           
ffffffff  __c_args__                          
ffffffff  binit                               
UNDEFED   SHT$$INIT_ARRAY$$Base               
UNDEFED   SHT$$INIT_ARRAY$$Limit              

[487 symbols]
