<?xml version="1.0"?>
<link_info>
   <banner>TI ARM Linker Unix v16.9.0.LTS</banner>
   <copyright>Copyright (c) 1996-2015 Texas Instruments Incorporated</copyright>
   <link_time>0x5898c24b</link_time>
   <link_errors>0x0</link_errors>
   <output_file>Build-RM57x.out</output_file>
   <entry_point>
      <name>_c_int00</name>
      <address>0x59ba0</address>
   </entry_point>
   <input_file_list>
      <input_file id="fl-2">
         <path>./HALCoGen-RM57x/source/</path>
         <kind>object</kind>
         <file>HL_emac.obj</file>
         <name>HL_emac.obj</name>
      </input_file>
      <input_file id="fl-3">
         <path>./HALCoGen-RM57x/source/</path>
         <kind>object</kind>
         <file>HL_epc.obj</file>
         <name>HL_epc.obj</name>
      </input_file>
      <input_file id="fl-4">
         <path>./HALCoGen-RM57x/source/</path>
         <kind>object</kind>
         <file>HL_errata.obj</file>
         <name>HL_errata.obj</name>
      </input_file>
      <input_file id="fl-5">
         <path>./HALCoGen-RM57x/source/</path>
         <kind>object</kind>
         <file>HL_esm.obj</file>
         <name>HL_esm.obj</name>
      </input_file>
      <input_file id="fl-6">
         <path>./HALCoGen-RM57x/source/</path>
         <kind>object</kind>
         <file>HL_gio.obj</file>
         <name>HL_gio.obj</name>
      </input_file>
      <input_file id="fl-7">
         <path>./HALCoGen-RM57x/source/</path>
         <kind>object</kind>
         <file>HL_mdio.obj</file>
         <name>HL_mdio.obj</name>
      </input_file>
      <input_file id="fl-8">
         <path>./HALCoGen-RM57x/source/</path>
         <kind>object</kind>
         <file>HL_nmpu.obj</file>
         <name>HL_nmpu.obj</name>
      </input_file>
      <input_file id="fl-9">
         <path>./HALCoGen-RM57x/source/</path>
         <kind>object</kind>
         <file>HL_notification.obj</file>
         <name>HL_notification.obj</name>
      </input_file>
      <input_file id="fl-a">
         <path>./HALCoGen-RM57x/source/</path>
         <kind>object</kind>
         <file>HL_phy_dp83640.obj</file>
         <name>HL_phy_dp83640.obj</name>
      </input_file>
      <input_file id="fl-b">
         <path>./HALCoGen-RM57x/source/</path>
         <kind>object</kind>
         <file>HL_phy_tlk111.obj</file>
         <name>HL_phy_tlk111.obj</name>
      </input_file>
      <input_file id="fl-c">
         <path>./HALCoGen-RM57x/source/</path>
         <kind>object</kind>
         <file>HL_pinmux.obj</file>
         <name>HL_pinmux.obj</name>
      </input_file>
      <input_file id="fl-d">
         <path>./HALCoGen-RM57x/source/</path>
         <kind>object</kind>
         <file>HL_sci.obj</file>
         <name>HL_sci.obj</name>
      </input_file>
      <input_file id="fl-e">
         <path>./HALCoGen-RM57x/source/</path>
         <kind>object</kind>
         <file>HL_sys_core.obj</file>
         <name>HL_sys_core.obj</name>
      </input_file>
      <input_file id="fl-f">
         <path>./HALCoGen-RM57x/source/</path>
         <kind>object</kind>
         <file>HL_sys_dma.obj</file>
         <name>HL_sys_dma.obj</name>
      </input_file>
      <input_file id="fl-10">
         <path>./HALCoGen-RM57x/source/</path>
         <kind>object</kind>
         <file>HL_sys_intvecs.obj</file>
         <name>HL_sys_intvecs.obj</name>
      </input_file>
      <input_file id="fl-11">
         <path>./HALCoGen-RM57x/source/</path>
         <kind>object</kind>
         <file>HL_sys_main.obj</file>
         <name>HL_sys_main.obj</name>
      </input_file>
      <input_file id="fl-12">
         <path>./HALCoGen-RM57x/source/</path>
         <kind>object</kind>
         <file>HL_sys_mpu.obj</file>
         <name>HL_sys_mpu.obj</name>
      </input_file>
      <input_file id="fl-13">
         <path>./HALCoGen-RM57x/source/</path>
         <kind>object</kind>
         <file>HL_sys_pcr.obj</file>
         <name>HL_sys_pcr.obj</name>
      </input_file>
      <input_file id="fl-14">
         <path>./HALCoGen-RM57x/source/</path>
         <kind>object</kind>
         <file>HL_sys_phantom.obj</file>
         <name>HL_sys_phantom.obj</name>
      </input_file>
      <input_file id="fl-15">
         <path>./HALCoGen-RM57x/source/</path>
         <kind>object</kind>
         <file>HL_sys_pmm.obj</file>
         <name>HL_sys_pmm.obj</name>
      </input_file>
      <input_file id="fl-16">
         <path>./HALCoGen-RM57x/source/</path>
         <kind>object</kind>
         <file>HL_sys_pmu.obj</file>
         <name>HL_sys_pmu.obj</name>
      </input_file>
      <input_file id="fl-17">
         <path>./HALCoGen-RM57x/source/</path>
         <kind>object</kind>
         <file>HL_sys_startup.obj</file>
         <name>HL_sys_startup.obj</name>
      </input_file>
      <input_file id="fl-18">
         <path>./HALCoGen-RM57x/source/</path>
         <kind>object</kind>
         <file>HL_sys_vim.obj</file>
         <name>HL_sys_vim.obj</name>
      </input_file>
      <input_file id="fl-19">
         <path>./HALCoGen-RM57x/source/</path>
         <kind>object</kind>
         <file>HL_system.obj</file>
         <name>HL_system.obj</name>
      </input_file>
      <input_file id="fl-1a">
         <path>./example/hdk/src/</path>
         <kind>object</kind>
         <file>lwip_main.obj</file>
         <name>lwip_main.obj</name>
      </input_file>
      <input_file id="fl-1b">
         <path>./lwIP-1.4.1/apps/httpserver_raw/</path>
         <kind>object</kind>
         <file>fs.obj</file>
         <name>fs.obj</name>
      </input_file>
      <input_file id="fl-1c">
         <path>./lwIP-1.4.1/apps/httpserver_raw/</path>
         <kind>object</kind>
         <file>httpd.obj</file>
         <name>httpd.obj</name>
      </input_file>
      <input_file id="fl-1d">
         <path>./lwIP-1.4.1/ports/hdk/</path>
         <kind>object</kind>
         <file>lwiplib.obj</file>
         <name>lwiplib.obj</name>
      </input_file>
      <input_file id="fl-1e">
         <path>./lwIP-1.4.1/src/core/</path>
         <kind>object</kind>
         <file>def.obj</file>
         <name>def.obj</name>
      </input_file>
      <input_file id="fl-1f">
         <path>./lwIP-1.4.1/src/core/</path>
         <kind>object</kind>
         <file>timers.obj</file>
         <name>timers.obj</name>
      </input_file>
      <input_file id="fl-20">
         <path>./lwIP-1.4.1/src/netif/</path>
         <kind>object</kind>
         <file>ethernetif.obj</file>
         <name>ethernetif.obj</name>
      </input_file>
      <input_file id="fl-25">
         <path>/opt/ti/ccsv7/tools/compiler/ti-cgt-arm_16.9.0.LTS/lib/</path>
         <kind>archive</kind>
         <file>rtsv7R4_T_le_v3D16_eabi.lib</file>
         <name>autoinit.obj</name>
      </input_file>
      <input_file id="fl-26">
         <path>/opt/ti/ccsv7/tools/compiler/ti-cgt-arm_16.9.0.LTS/lib/</path>
         <kind>archive</kind>
         <file>rtsv7R4_T_le_v3D16_eabi.lib</file>
         <name>copy_decompress_lzss.obj</name>
      </input_file>
      <input_file id="fl-27">
         <path>/opt/ti/ccsv7/tools/compiler/ti-cgt-arm_16.9.0.LTS/lib/</path>
         <kind>archive</kind>
         <file>rtsv7R4_T_le_v3D16_eabi.lib</file>
         <name>copy_decompress_none.obj</name>
      </input_file>
      <input_file id="fl-28">
         <path>/opt/ti/ccsv7/tools/compiler/ti-cgt-arm_16.9.0.LTS/lib/</path>
         <kind>archive</kind>
         <file>rtsv7R4_T_le_v3D16_eabi.lib</file>
         <name>copy_zero_init.obj</name>
      </input_file>
      <input_file id="fl-29">
         <path>/opt/ti/ccsv7/tools/compiler/ti-cgt-arm_16.9.0.LTS/lib/</path>
         <kind>archive</kind>
         <file>rtsv7R4_T_le_v3D16_eabi.lib</file>
         <name>cpy_tbl.obj</name>
      </input_file>
      <input_file id="fl-2a">
         <path>/opt/ti/ccsv7/tools/compiler/ti-cgt-arm_16.9.0.LTS/lib/</path>
         <kind>archive</kind>
         <file>rtsv7R4_T_le_v3D16_eabi.lib</file>
         <name>exit.obj</name>
      </input_file>
      <input_file id="fl-2b">
         <path>/opt/ti/ccsv7/tools/compiler/ti-cgt-arm_16.9.0.LTS/lib/</path>
         <kind>archive</kind>
         <file>rtsv7R4_T_le_v3D16_eabi.lib</file>
         <name>i_div32.obj</name>
      </input_file>
      <input_file id="fl-2c">
         <path>/opt/ti/ccsv7/tools/compiler/ti-cgt-arm_16.9.0.LTS/lib/</path>
         <kind>archive</kind>
         <file>rtsv7R4_T_le_v3D16_eabi.lib</file>
         <name>memcmp.obj</name>
      </input_file>
      <input_file id="fl-2d">
         <path>/opt/ti/ccsv7/tools/compiler/ti-cgt-arm_16.9.0.LTS/lib/</path>
         <kind>archive</kind>
         <file>rtsv7R4_T_le_v3D16_eabi.lib</file>
         <name>memcpy_t2.obj</name>
      </input_file>
      <input_file id="fl-2e">
         <path>/opt/ti/ccsv7/tools/compiler/ti-cgt-arm_16.9.0.LTS/lib/</path>
         <kind>archive</kind>
         <file>rtsv7R4_T_le_v3D16_eabi.lib</file>
         <name>memset_t2.obj</name>
      </input_file>
      <input_file id="fl-2f">
         <path>/opt/ti/ccsv7/tools/compiler/ti-cgt-arm_16.9.0.LTS/lib/</path>
         <kind>archive</kind>
         <file>rtsv7R4_T_le_v3D16_eabi.lib</file>
         <name>s_floor.obj</name>
      </input_file>
      <input_file id="fl-30">
         <path>/opt/ti/ccsv7/tools/compiler/ti-cgt-arm_16.9.0.LTS/lib/</path>
         <kind>archive</kind>
         <file>rtsv7R4_T_le_v3D16_eabi.lib</file>
         <name>startup.obj</name>
      </input_file>
      <input_file id="fl-31">
         <path>/opt/ti/ccsv7/tools/compiler/ti-cgt-arm_16.9.0.LTS/lib/</path>
         <kind>archive</kind>
         <file>rtsv7R4_T_le_v3D16_eabi.lib</file>
         <name>strchr.obj</name>
      </input_file>
      <input_file id="fl-32">
         <path>/opt/ti/ccsv7/tools/compiler/ti-cgt-arm_16.9.0.LTS/lib/</path>
         <kind>archive</kind>
         <file>rtsv7R4_T_le_v3D16_eabi.lib</file>
         <name>strcmp.obj</name>
      </input_file>
      <input_file id="fl-33">
         <path>/opt/ti/ccsv7/tools/compiler/ti-cgt-arm_16.9.0.LTS/lib/</path>
         <kind>archive</kind>
         <file>rtsv7R4_T_le_v3D16_eabi.lib</file>
         <name>strlen.obj</name>
      </input_file>
      <input_file id="fl-34">
         <path>/opt/ti/ccsv7/tools/compiler/ti-cgt-arm_16.9.0.LTS/lib/</path>
         <kind>archive</kind>
         <file>rtsv7R4_T_le_v3D16_eabi.lib</file>
         <name>strncmp.obj</name>
      </input_file>
      <input_file id="fl-35">
         <path>/opt/ti/ccsv7/tools/compiler/ti-cgt-arm_16.9.0.LTS/lib/</path>
         <kind>archive</kind>
         <file>rtsv7R4_T_le_v3D16_eabi.lib</file>
         <name>u_div32.obj</name>
      </input_file>
      <input_file id="fl-36">
         <path>/opt/ti/ccsv7/tools/compiler/ti-cgt-arm_16.9.0.LTS/lib/</path>
         <kind>archive</kind>
         <file>rtsv7R4_T_le_v3D16_eabi.lib</file>
         <name>_lock.obj</name>
      </input_file>
      <input_file id="fl-37">
         <path>/opt/ti/ccsv7/tools/compiler/ti-cgt-arm_16.9.0.LTS/lib/</path>
         <kind>archive</kind>
         <file>rtsv7R4_T_le_v3D16_eabi.lib</file>
         <name>i_div0.obj</name>
      </input_file>
   </input_file_list>
   <object_component_list>
      <object_component id="oc-33">
         <name>.intvecs</name>
         <load_address>0x0</load_address>
         <run_address>0x0</run_address>
         <size>0x20</size>
         <input_file_ref idref="fl-10"/>
      </object_component>
      <object_component id="oc-c3">
         <name>.text</name>
         <load_address>0x41a60</load_address>
         <run_address>0x41a60</run_address>
         <size>0x10694</size>
         <input_file_ref idref="fl-1d"/>
      </object_component>
      <object_component id="oc-a2">
         <name>.text</name>
         <load_address>0x520f4</load_address>
         <run_address>0x520f4</run_address>
         <size>0x1818</size>
         <input_file_ref idref="fl-2"/>
      </object_component>
      <object_component id="oc-280">
         <name>.text</name>
         <load_address>0x5390c</load_address>
         <run_address>0x5390c</run_address>
         <size>0xf38</size>
         <input_file_ref idref="fl-1c"/>
      </object_component>
      <object_component id="oc-eb">
         <name>.text</name>
         <load_address>0x54844</load_address>
         <run_address>0x54844</run_address>
         <size>0x9c0</size>
         <input_file_ref idref="fl-c"/>
      </object_component>
      <object_component id="oc-7e">
         <name>.text</name>
         <load_address>0x55204</load_address>
         <run_address>0x55204</run_address>
         <size>0x960</size>
         <input_file_ref idref="fl-19"/>
      </object_component>
      <object_component id="oc-3f">
         <name>.text</name>
         <load_address>0x55b64</load_address>
         <run_address>0x55b64</run_address>
         <size>0x938</size>
         <input_file_ref idref="fl-18"/>
      </object_component>
      <object_component id="oc-27a">
         <name>.text</name>
         <load_address>0x5649c</load_address>
         <run_address>0x5649c</run_address>
         <size>0x870</size>
         <input_file_ref idref="fl-d"/>
      </object_component>
      <object_component id="oc-84">
         <name>.text</name>
         <load_address>0x56d0c</load_address>
         <run_address>0x56d0c</run_address>
         <size>0x7a8</size>
         <input_file_ref idref="fl-5"/>
      </object_component>
      <object_component id="oc-12c">
         <name>.text</name>
         <load_address>0x574b4</load_address>
         <run_address>0x574b4</run_address>
         <size>0x6f4</size>
         <input_file_ref idref="fl-a"/>
      </object_component>
      <object_component id="oc-114">
         <name>.text</name>
         <load_address>0x57ba8</load_address>
         <run_address>0x57ba8</run_address>
         <size>0x5e4</size>
         <input_file_ref idref="fl-1a"/>
      </object_component>
      <object_component id="oc-18d">
         <name>.text</name>
         <load_address>0x5818c</load_address>
         <run_address>0x5818c</run_address>
         <size>0x528</size>
         <input_file_ref idref="fl-1f"/>
      </object_component>
      <object_component id="oc-10e">
         <name>.text</name>
         <load_address>0x586b4</load_address>
         <run_address>0x586b4</run_address>
         <size>0x484</size>
         <input_file_ref idref="fl-6"/>
      </object_component>
      <object_component id="oc-73">
         <name>.text</name>
         <load_address>0x58b38</load_address>
         <run_address>0x58b38</run_address>
         <size>0x3b8</size>
         <input_file_ref idref="fl-e"/>
      </object_component>
      <object_component id="oc-8a">
         <name>.text</name>
         <load_address>0x58ef0</load_address>
         <run_address>0x58ef0</run_address>
         <size>0x378</size>
         <input_file_ref idref="fl-12"/>
      </object_component>
      <object_component id="oc-3e">
         <name>.text:retain</name>
         <load_address>0x59268</load_address>
         <run_address>0x59268</run_address>
         <size>0x34c</size>
         <input_file_ref idref="fl-18"/>
      </object_component>
      <object_component id="oc-132">
         <name>.text</name>
         <load_address>0x595b4</load_address>
         <run_address>0x595b4</run_address>
         <size>0x1c4</size>
         <input_file_ref idref="fl-7"/>
      </object_component>
      <object_component id="oc-2a">
         <name>.text:retain</name>
         <load_address>0x59778</load_address>
         <run_address>0x59778</run_address>
         <size>0x178</size>
         <input_file_ref idref="fl-5"/>
      </object_component>
      <object_component id="oc-368">
         <name>.text</name>
         <load_address>0x598f0</load_address>
         <run_address>0x598f0</run_address>
         <size>0x104</size>
         <input_file_ref idref="fl-1b"/>
      </object_component>
      <object_component id="oc-357">
         <name>.text</name>
         <load_address>0x599f4</load_address>
         <run_address>0x599f4</run_address>
         <size>0xe0</size>
         <input_file_ref idref="fl-2f"/>
      </object_component>
      <object_component id="oc-24">
         <name>.text:retain</name>
         <load_address>0x59ad4</load_address>
         <run_address>0x59ad4</run_address>
         <size>0xcc</size>
         <input_file_ref idref="fl-2"/>
      </object_component>
      <object_component id="oc-1e">
         <name>.text:retain</name>
         <load_address>0x59ba0</load_address>
         <run_address>0x59ba0</run_address>
         <size>0xb4</size>
         <input_file_ref idref="fl-17"/>
      </object_component>
      <object_component id="oc-78">
         <name>.text</name>
         <load_address>0x59c54</load_address>
         <run_address>0x59c54</run_address>
         <size>0xa8</size>
         <input_file_ref idref="fl-9"/>
      </object_component>
      <object_component id="oc-4a">
         <name>.text:retain</name>
         <load_address>0x59cfc</load_address>
         <run_address>0x59cfc</run_address>
         <size>0xa0</size>
         <input_file_ref idref="fl-1a"/>
      </object_component>
      <object_component id="oc-5b">
         <name>.text</name>
         <load_address>0x59d9c</load_address>
         <run_address>0x59d9c</run_address>
         <size>0x9c</size>
         <input_file_ref idref="fl-2d"/>
      </object_component>
      <object_component id="oc-172">
         <name>.text</name>
         <load_address>0x59e38</load_address>
         <run_address>0x59e38</run_address>
         <size>0x90</size>
         <input_file_ref idref="fl-1e"/>
      </object_component>
      <object_component id="oc-67">
         <name>.text</name>
         <load_address>0x59ec8</load_address>
         <run_address>0x59ec8</run_address>
         <size>0x7a</size>
         <input_file_ref idref="fl-2e"/>
      </object_component>
      <object_component id="oc-2c4">
         <name>.text</name>
         <load_address>0x59f42</load_address>
         <run_address>0x59f42</run_address>
         <size>0x2</size>
         <input_file_ref idref="fl-37"/>
      </object_component>
      <object_component id="oc-8f">
         <name>.text</name>
         <load_address>0x59f44</load_address>
         <run_address>0x59f44</run_address>
         <size>0x70</size>
         <input_file_ref idref="fl-25"/>
      </object_component>
      <object_component id="oc-c">
         <name>.text:decompress:lzss</name>
         <load_address>0x59fb4</load_address>
         <run_address>0x59fb4</run_address>
         <size>0x6c</size>
         <input_file_ref idref="fl-26"/>
      </object_component>
      <object_component id="oc-178">
         <name>.text</name>
         <load_address>0x5a020</load_address>
         <run_address>0x5a020</run_address>
         <size>0x54</size>
         <input_file_ref idref="fl-2b"/>
      </object_component>
      <object_component id="oc-9b">
         <name>.text</name>
         <load_address>0x5a074</load_address>
         <run_address>0x5a074</run_address>
         <size>0x50</size>
         <input_file_ref idref="fl-2a"/>
      </object_component>
      <object_component id="oc-17d">
         <name>.text</name>
         <load_address>0x5a0c4</load_address>
         <run_address>0x5a0c4</run_address>
         <size>0x50</size>
         <input_file_ref idref="fl-35"/>
      </object_component>
      <object_component id="oc-100">
         <name>.text</name>
         <load_address>0x5a114</load_address>
         <run_address>0x5a114</run_address>
         <size>0x4c</size>
         <input_file_ref idref="fl-29"/>
      </object_component>
      <object_component id="oc-362">
         <name>.text</name>
         <load_address>0x5a160</load_address>
         <run_address>0x5a160</run_address>
         <size>0x2a</size>
         <input_file_ref idref="fl-34"/>
      </object_component>
      <object_component id="oc-1cf">
         <name>.text</name>
         <load_address>0x5a18a</load_address>
         <run_address>0x5a18a</run_address>
         <size>0x26</size>
         <input_file_ref idref="fl-2c"/>
      </object_component>
      <object_component id="oc-95">
         <name>.text</name>
         <load_address>0x5a1b0</load_address>
         <run_address>0x5a1b0</run_address>
         <size>0x1c</size>
         <input_file_ref idref="fl-11"/>
      </object_component>
      <object_component id="oc-3bb">
         <name>.text</name>
         <load_address>0x5a1cc</load_address>
         <run_address>0x5a1cc</run_address>
         <size>0x18</size>
         <input_file_ref idref="fl-32"/>
      </object_component>
      <object_component id="oc-36e">
         <name>.text</name>
         <load_address>0x5a1e4</load_address>
         <run_address>0x5a1e4</run_address>
         <size>0x16</size>
         <input_file_ref idref="fl-31"/>
      </object_component>
      <object_component id="oc-1ab">
         <name>.text</name>
         <load_address>0x5a1fa</load_address>
         <run_address>0x5a1fa</run_address>
         <size>0x16</size>
         <input_file_ref idref="fl-33"/>
      </object_component>
      <object_component id="oc-2ab">
         <name>.text</name>
         <load_address>0x5a210</load_address>
         <run_address>0x5a210</run_address>
         <size>0x14</size>
         <input_file_ref idref="fl-36"/>
      </object_component>
      <object_component id="oc-12">
         <name>.text:decompress:none</name>
         <load_address>0x5a224</load_address>
         <run_address>0x5a224</run_address>
         <size>0xe</size>
         <input_file_ref idref="fl-27"/>
      </object_component>
      <object_component id="oc-18">
         <name>.text:decompress:ZI</name>
         <load_address>0x5a232</load_address>
         <run_address>0x5a232</run_address>
         <size>0xc</size>
         <input_file_ref idref="fl-28"/>
      </object_component>
      <object_component id="oc-106">
         <name>.text</name>
         <load_address>0x5a23e</load_address>
         <run_address>0x5a23e</run_address>
         <size>0x2</size>
         <input_file_ref idref="fl-30"/>
      </object_component>
      <object_component id="oc-38">
         <name>.text:retain</name>
         <load_address>0x5a240</load_address>
         <run_address>0x5a240</run_address>
         <size>0x4</size>
         <input_file_ref idref="fl-14"/>
      </object_component>
      <object_component id="oc-409">
         <name>.const:.string:data_img_Hercules_block_diagram_gif</name>
         <load_address>0x20</load_address>
         <run_address>0x20</run_address>
         <size>0x363f5</size>
         <input_file_ref idref="fl-1b"/>
      </object_component>
      <object_component id="oc-3f5">
         <name>.const:.string:data_index_html</name>
         <load_address>0x36415</load_address>
         <run_address>0x36415</run_address>
         <size>0x7127</size>
         <input_file_ref idref="fl-1b"/>
      </object_component>
      <object_component id="oc-3e2">
         <name>.const:.string:data_main_css</name>
         <load_address>0x3d53c</load_address>
         <run_address>0x3d53c</run_address>
         <size>0x293b</size>
         <input_file_ref idref="fl-1b"/>
      </object_component>
      <object_component id="oc-3ff">
         <name>.const:.string:data_img_ti_logo_gif</name>
         <load_address>0x3fe77</load_address>
         <run_address>0x3fe77</run_address>
         <size>0xd4b</size>
         <input_file_ref idref="fl-1b"/>
      </object_component>
      <object_component id="oc-413">
         <name>.const:.string:data_IE60Fixes_css</name>
         <load_address>0x40bc2</load_address>
         <run_address>0x40bc2</run_address>
         <size>0x777</size>
         <input_file_ref idref="fl-1b"/>
      </object_component>
      <object_component id="oc-424">
         <name>.const:.string:data_404_html</name>
         <load_address>0x41339</load_address>
         <run_address>0x41339</run_address>
         <size>0x289</size>
         <input_file_ref idref="fl-1b"/>
      </object_component>
      <object_component id="oc-30">
         <name>.const:s_vim_init</name>
         <load_address>0x415c4</load_address>
         <run_address>0x415c4</run_address>
         <size>0x200</size>
         <input_file_ref idref="fl-18"/>
      </object_component>
      <object_component id="oc-41d">
         <name>.const:.string:data_BreadCrumbs_css</name>
         <load_address>0x417c4</load_address>
         <run_address>0x417c4</run_address>
         <size>0xa0</size>
         <input_file_ref idref="fl-1b"/>
      </object_component>
      <object_component id="oc-313">
         <name>.const:.string</name>
         <load_address>0x41864</load_address>
         <run_address>0x41864</run_address>
         <size>0x78</size>
         <input_file_ref idref="fl-1d"/>
      </object_component>
      <object_component id="oc-3ca">
         <name>.const:.string</name>
         <load_address>0x418dc</load_address>
         <run_address>0x418dc</run_address>
         <size>0x40</size>
         <input_file_ref idref="fl-1c"/>
      </object_component>
      <object_component id="oc-1c1">
         <name>.const:tcp_state_str</name>
         <load_address>0x4191c</load_address>
         <run_address>0x4191c</run_address>
         <size>0x2c</size>
         <input_file_ref idref="fl-1d"/>
      </object_component>
      <object_component id="oc-377">
         <name>.const:g_psDefaultFilenames</name>
         <load_address>0x41948</load_address>
         <run_address>0x41948</run_address>
         <size>0x28</size>
         <input_file_ref idref="fl-1c"/>
      </object_component>
      <object_component id="oc-41a">
         <name>.const:file_404_html</name>
         <load_address>0x41970</load_address>
         <run_address>0x41970</run_address>
         <size>0x14</size>
         <input_file_ref idref="fl-1b"/>
      </object_component>
      <object_component id="oc-410">
         <name>.const:file_BreadCrumbs_css</name>
         <load_address>0x41984</load_address>
         <run_address>0x41984</run_address>
         <size>0x14</size>
         <input_file_ref idref="fl-1b"/>
      </object_component>
      <object_component id="oc-406">
         <name>.const:file_IE60Fixes_css</name>
         <load_address>0x41998</load_address>
         <run_address>0x41998</run_address>
         <size>0x14</size>
         <input_file_ref idref="fl-1b"/>
      </object_component>
      <object_component id="oc-3fc">
         <name>.const:file_img_Hercules_block_diagram_gif</name>
         <load_address>0x419ac</load_address>
         <run_address>0x419ac</run_address>
         <size>0x14</size>
         <input_file_ref idref="fl-1b"/>
      </object_component>
      <object_component id="oc-3f2">
         <name>.const:file_img_ti_logo_gif</name>
         <load_address>0x419c0</load_address>
         <run_address>0x419c0</run_address>
         <size>0x14</size>
         <input_file_ref idref="fl-1b"/>
      </object_component>
      <object_component id="oc-3df">
         <name>.const:file_index_html</name>
         <load_address>0x419d4</load_address>
         <run_address>0x419d4</run_address>
         <size>0x14</size>
         <input_file_ref idref="fl-1b"/>
      </object_component>
      <object_component id="oc-3c1">
         <name>.const:file_main_css</name>
         <load_address>0x419e8</load_address>
         <run_address>0x419e8</run_address>
         <size>0x14</size>
         <input_file_ref idref="fl-1b"/>
      </object_component>
      <object_component id="oc-19b">
         <name>.const:memp_num</name>
         <load_address>0x419fc</load_address>
         <run_address>0x419fc</run_address>
         <size>0x10</size>
         <input_file_ref idref="fl-1d"/>
      </object_component>
      <object_component id="oc-1a4">
         <name>.const:memp_sizes</name>
         <load_address>0x41a0c</load_address>
         <run_address>0x41a0c</run_address>
         <size>0x10</size>
         <input_file_ref idref="fl-1d"/>
      </object_component>
      <object_component id="oc-1b7">
         <name>.const:tcp_pcb_lists</name>
         <load_address>0x41a1c</load_address>
         <run_address>0x41a1c</run_address>
         <size>0x10</size>
         <input_file_ref idref="fl-1d"/>
      </object_component>
      <object_component id="oc-1be">
         <name>.const:.string:tcp_backoff</name>
         <load_address>0x41a2c</load_address>
         <run_address>0x41a2c</run_address>
         <size>0xd</size>
         <input_file_ref idref="fl-1d"/>
      </object_component>
      <object_component id="oc-1bb">
         <name>.const:.string:tcp_persist_backoff</name>
         <load_address>0x41a39</load_address>
         <run_address>0x41a39</run_address>
         <size>0x7</size>
         <input_file_ref idref="fl-1d"/>
      </object_component>
      <object_component id="oc-1d5">
         <name>.const:ethbroadcast</name>
         <load_address>0x41a40</load_address>
         <run_address>0x41a40</run_address>
         <size>0x6</size>
         <input_file_ref idref="fl-1d"/>
      </object_component>
      <object_component id="oc-1d8">
         <name>.const:ethzero</name>
         <load_address>0x41a46</load_address>
         <run_address>0x41a46</run_address>
         <size>0x6</size>
         <input_file_ref idref="fl-1d"/>
      </object_component>
      <object_component id="oc-182">
         <name>.const:ip_addr_any</name>
         <load_address>0x41a4c</load_address>
         <run_address>0x41a4c</run_address>
         <size>0x4</size>
         <input_file_ref idref="fl-1d"/>
      </object_component>
      <object_component id="oc-189">
         <name>.const:ip_addr_broadcast</name>
         <load_address>0x41a50</load_address>
         <run_address>0x41a50</run_address>
         <size>0x4</size>
         <input_file_ref idref="fl-1d"/>
      </object_component>
      <object_component id="oc-44c">
         <name>.cinit..data.load</name>
         <load_address>0x5a260</load_address>
         <run_address>0x5a260</run_address>
         <size>0x140</size>
      </object_component>
      <object_component id="oc-449">
         <name>__TI_handler_table</name>
         <load_address>0x5a3a0</load_address>
         <run_address>0x5a3a0</run_address>
         <size>0xc</size>
      </object_component>
      <object_component id="oc-44b">
         <name>.cinit..bss.load</name>
         <load_address>0x5a3b0</load_address>
         <run_address>0x5a3b0</run_address>
         <size>0x8</size>
      </object_component>
      <object_component id="oc-44a">
         <name>__TI_cinit_table</name>
         <load_address>0x5a3b8</load_address>
         <run_address>0x5a3b8</run_address>
         <size>0x10</size>
      </object_component>
      <object_component id="oc-138">
         <name>.bss:pbuf_array</name>
         <uninitialized>true</uninitialized>
         <run_address>0x80102a8</run_address>
         <size>0x3b24</size>
         <input_file_ref idref="fl-2"/>
      </object_component>
      <object_component id="oc-35d">
         <name>.bss:g_sciTransfer_t</name>
         <uninitialized>true</uninitialized>
         <run_address>0x80143d4</run_address>
         <size>0x50</size>
         <input_file_ref idref="fl-d"/>
      </object_component>
      <object_component id="oc-286">
         <name>.bss</name>
         <uninitialized>true</uninitialized>
         <run_address>0x8014590</run_address>
         <size>0x4</size>
         <input_file_ref idref="fl-1a"/>
      </object_component>
      <object_component id="oc-374">
         <name>.bss:httpd_req_buf</name>
         <uninitialized>true</uninitialized>
         <run_address>0x8013dcc</run_address>
         <size>0x400</size>
         <input_file_ref idref="fl-1c"/>
      </object_component>
      <object_component id="oc-196">
         <name>.bss</name>
         <uninitialized>true</uninitialized>
         <run_address>0x80144a4</run_address>
         <size>0x37</size>
         <input_file_ref idref="fl-1d"/>
      </object_component>
      <object_component id="oc-1a1">
         <name>.bss:memp_tab</name>
         <uninitialized>true</uninitialized>
         <run_address>0x8014538</run_address>
         <size>0x20</size>
         <input_file_ref idref="fl-1d"/>
      </object_component>
      <object_component id="oc-19e">
         <name>.bss:memp_memory</name>
         <uninitialized>true</uninitialized>
         <run_address>0x8008d14</run_address>
         <size>0x7594</size>
         <input_file_ref idref="fl-1d"/>
      </object_component>
      <object_component id="oc-1c4">
         <name>.bss:inseg</name>
         <uninitialized>true</uninitialized>
         <run_address>0x8014558</run_address>
         <size>0x10</size>
         <input_file_ref idref="fl-1d"/>
      </object_component>
      <object_component id="oc-1cc">
         <name>.bss:arp_table</name>
         <uninitialized>true</uninitialized>
         <run_address>0x80142b8</run_address>
         <size>0xc8</size>
         <input_file_ref idref="fl-1d"/>
      </object_component>
      <object_component id="oc-1db">
         <name>.bss:hdkif_data</name>
         <uninitialized>true</uninitialized>
         <run_address>0x8014424</run_address>
         <size>0x44</size>
         <input_file_ref idref="fl-1d"/>
      </object_component>
      <object_component id="oc-1f6">
         <name>.bss:locatorData</name>
         <uninitialized>true</uninitialized>
         <run_address>0x8014380</run_address>
         <size>0x54</size>
         <input_file_ref idref="fl-1d"/>
      </object_component>
      <object_component id="oc-1f9">
         <name>.bss:hdkNetIF</name>
         <uninitialized>true</uninitialized>
         <run_address>0x80144dc</run_address>
         <size>0x34</size>
         <input_file_ref idref="fl-1d"/>
      </object_component>
      <object_component id="oc-1cb">
         <name>.bss:str$3</name>
         <uninitialized>true</uninitialized>
         <run_address>0x8014568</run_address>
         <size>0x10</size>
         <input_file_ref idref="fl-1d"/>
      </object_component>
      <object_component id="oc-2fa">
         <name>.bss</name>
         <uninitialized>true</uninitialized>
         <run_address>0x8014578</run_address>
         <size>0xc</size>
         <input_file_ref idref="fl-1f"/>
      </object_component>
      <object_component id="oc-a8">
         <name>.common:hdkif_data</name>
         <uninitialized>true</uninitialized>
         <run_address>0x8014468</run_address>
         <size>0x3c</size>
      </object_component>
      <object_component id="oc-299">
         <name>.common:txtIPAddrItoA</name>
         <uninitialized>true</uninitialized>
         <run_address>0x80145c8</run_address>
         <size>0x4</size>
      </object_component>
      <object_component id="oc-188">
         <name>.common:dhcp_rx_options_val</name>
         <uninitialized>true</uninitialized>
         <run_address>0x8014510</run_address>
         <size>0x28</size>
      </object_component>
      <object_component id="oc-185">
         <name>.common:dhcp_rx_options_given</name>
         <uninitialized>true</uninitialized>
         <run_address>0x8014584</run_address>
         <size>0xc</size>
      </object_component>
      <object_component id="oc-199">
         <name>.common:ram_heap</name>
         <uninitialized>true</uninitialized>
         <run_address>0x8001500</run_address>
         <size>0x7814</size>
      </object_component>
      <object_component id="oc-18c">
         <name>.common:netif_list</name>
         <uninitialized>true</uninitialized>
         <run_address>0x80145a8</run_address>
         <size>0x4</size>
      </object_component>
      <object_component id="oc-1a7">
         <name>.common:netif_default</name>
         <uninitialized>true</uninitialized>
         <run_address>0x80145a4</run_address>
         <size>0x4</size>
      </object_component>
      <object_component id="oc-1aa">
         <name>.common:pbuf_free_ooseq_pending</name>
         <uninitialized>true</uninitialized>
         <run_address>0x80142b6</run_address>
         <size>0x1</size>
      </object_component>
      <object_component id="oc-19a">
         <name>.common:lwip_stats</name>
         <uninitialized>true</uninitialized>
         <run_address>0x80141cc</run_address>
         <size>0xea</size>
      </object_component>
      <object_component id="oc-1ba">
         <name>.common:tcp_ticks</name>
         <uninitialized>true</uninitialized>
         <run_address>0x80145bc</run_address>
         <size>0x4</size>
      </object_component>
      <object_component id="oc-1b6">
         <name>.common:tcp_bound_pcbs</name>
         <uninitialized>true</uninitialized>
         <run_address>0x80145b0</run_address>
         <size>0x4</size>
      </object_component>
      <object_component id="oc-1a9">
         <name>.common:tcp_listen_pcbs</name>
         <uninitialized>true</uninitialized>
         <run_address>0x80145b8</run_address>
         <size>0x4</size>
      </object_component>
      <object_component id="oc-1a8">
         <name>.common:tcp_active_pcbs</name>
         <uninitialized>true</uninitialized>
         <run_address>0x80145ac</run_address>
         <size>0x4</size>
      </object_component>
      <object_component id="oc-1b5">
         <name>.common:tcp_tw_pcbs</name>
         <uninitialized>true</uninitialized>
         <run_address>0x80145c4</run_address>
         <size>0x4</size>
      </object_component>
      <object_component id="oc-1b3">
         <name>.common:tcp_tmp_pcb</name>
         <uninitialized>true</uninitialized>
         <run_address>0x80145c0</run_address>
         <size>0x4</size>
      </object_component>
      <object_component id="oc-1b4">
         <name>.common:tcp_active_pcbs_changed</name>
         <uninitialized>true</uninitialized>
         <run_address>0x80142b7</run_address>
         <size>0x1</size>
      </object_component>
      <object_component id="oc-1c7">
         <name>.common:tcp_input_pcb</name>
         <uninitialized>true</uninitialized>
         <run_address>0x80145b4</run_address>
         <size>0x4</size>
      </object_component>
      <object_component id="oc-1c8">
         <name>.common:udp_pcbs</name>
         <uninitialized>true</uninitialized>
         <run_address>0x80145cc</run_address>
         <size>0x4</size>
      </object_component>
      <object_component id="oc-1c9">
         <name>.common:current_netif</name>
         <uninitialized>true</uninitialized>
         <run_address>0x80145a0</run_address>
         <size>0x4</size>
      </object_component>
      <object_component id="oc-1ca">
         <name>.common:current_header</name>
         <uninitialized>true</uninitialized>
         <run_address>0x8014594</run_address>
         <size>0x4</size>
      </object_component>
      <object_component id="oc-1b2">
         <name>.common:current_iphdr_src</name>
         <uninitialized>true</uninitialized>
         <run_address>0x801459c</run_address>
         <size>0x4</size>
      </object_component>
      <object_component id="oc-1b1">
         <name>.common:current_iphdr_dest</name>
         <uninitialized>true</uninitialized>
         <run_address>0x8014598</run_address>
         <size>0x4</size>
      </object_component>
      <object_component id="oc-11a">
         <name>.data:emacAddress</name>
         <load_address>0x8014750</load_address>
         <run_address>0x8014750</run_address>
         <size>0x6</size>
         <input_file_ref idref="fl-11"/>
      </object_component>
      <object_component id="oc-287">
         <name>.data:txtCRLF</name>
         <load_address>0x8014756</load_address>
         <run_address>0x8014756</run_address>
         <size>0x2</size>
         <input_file_ref idref="fl-1a"/>
      </object_component>
      <object_component id="oc-28a">
         <name>.data:txtTitle</name>
         <load_address>0x80146ba</load_address>
         <run_address>0x80146ba</run_address>
         <size>0x1a</size>
         <input_file_ref idref="fl-1a"/>
      </object_component>
      <object_component id="oc-28d">
         <name>.data:txtTI</name>
         <load_address>0x80146fd</load_address>
         <run_address>0x80146fd</run_address>
         <size>0x12</size>
         <input_file_ref idref="fl-1a"/>
      </object_component>
      <object_component id="oc-290">
         <name>.data:txtLittleEndian</name>
         <load_address>0x80146d4</load_address>
         <run_address>0x80146d4</run_address>
         <size>0x15</size>
         <input_file_ref idref="fl-1a"/>
      </object_component>
      <object_component id="oc-293">
         <name>.data:txtEnetInit</name>
         <load_address>0x8014666</load_address>
         <run_address>0x8014666</run_address>
         <size>0x1d</size>
         <input_file_ref idref="fl-1a"/>
      </object_component>
      <object_component id="oc-29a">
         <name>.data:txtIPAddrTxt</name>
         <load_address>0x80146e9</load_address>
         <run_address>0x80146e9</run_address>
         <size>0x14</size>
         <input_file_ref idref="fl-1a"/>
      </object_component>
      <object_component id="oc-29d">
         <name>.data:txtNote1</name>
         <load_address>0x8014647</load_address>
         <run_address>0x8014647</run_address>
         <size>0x1f</size>
         <input_file_ref idref="fl-1a"/>
      </object_component>
      <object_component id="oc-296">
         <name>.data:txtErrorInit</name>
         <load_address>0x80145d0</load_address>
         <run_address>0x80145d0</run_address>
         <size>0x2e</size>
         <input_file_ref idref="fl-1a"/>
      </object_component>
      <object_component id="oc-c9">
         <name>.data</name>
         <load_address>0x8014740</load_address>
         <run_address>0x8014740</run_address>
         <size>0x8</size>
         <input_file_ref idref="fl-1a"/>
      </object_component>
      <object_component id="oc-193">
         <name>.data</name>
         <load_address>0x801472c</load_address>
         <run_address>0x801472c</run_address>
         <size>0xc</size>
         <input_file_ref idref="fl-1d"/>
      </object_component>
      <object_component id="oc-1de">
         <name>.data:txtCRLF2</name>
         <load_address>0x801471d</load_address>
         <run_address>0x801471d</run_address>
         <size>0x2</size>
         <input_file_ref idref="fl-1d"/>
      </object_component>
      <object_component id="oc-1e7">
         <name>.data:txtSuccess</name>
         <load_address>0x8014748</load_address>
         <run_address>0x8014748</run_address>
         <size>0x8</size>
         <input_file_ref idref="fl-1d"/>
      </object_component>
      <object_component id="oc-1e4">
         <name>.data:txtProgress</name>
         <load_address>0x8014758</load_address>
         <run_address>0x8014758</run_address>
         <size>0x2</size>
         <input_file_ref idref="fl-1d"/>
      </object_component>
      <object_component id="oc-1ea">
         <name>.data:txtError</name>
         <load_address>0x801470f</load_address>
         <run_address>0x801470f</run_address>
         <size>0xe</size>
         <input_file_ref idref="fl-1d"/>
      </object_component>
      <object_component id="oc-1e1">
         <name>.data:txtPhyGetId</name>
         <load_address>0x801469f</load_address>
         <run_address>0x801469f</run_address>
         <size>0x1b</size>
         <input_file_ref idref="fl-1d"/>
      </object_component>
      <object_component id="oc-1ed">
         <name>.data:txtPhyGetAlSts</name>
         <load_address>0x80145fe</load_address>
         <run_address>0x80145fe</run_address>
         <size>0x25</size>
         <input_file_ref idref="fl-1d"/>
      </object_component>
      <object_component id="oc-1f0">
         <name>.data:txtPhyGetLnkSts</name>
         <load_address>0x8014623</load_address>
         <run_address>0x8014623</run_address>
         <size>0x24</size>
         <input_file_ref idref="fl-1d"/>
      </object_component>
      <object_component id="oc-1f3">
         <name>.data:txtPhySetupLink</name>
         <load_address>0x8014683</load_address>
         <run_address>0x8014683</run_address>
         <size>0x1c</size>
         <input_file_ref idref="fl-1d"/>
      </object_component>
      <object_component id="oc-123">
         <name>.data:$O1$$</name>
         <load_address>0x8014720</load_address>
         <run_address>0x8014720</run_address>
         <size>0xc</size>
         <input_file_ref idref="fl-2a"/>
      </object_component>
      <object_component id="oc-126">
         <name>.data:$O1$$</name>
         <load_address>0x8014738</load_address>
         <run_address>0x8014738</run_address>
         <size>0x8</size>
         <input_file_ref idref="fl-36"/>
      </object_component>
      <object_component id="oc-a9">
         <name>.debug_info</name>
         <load_address>0x0</load_address>
         <run_address>0x0</run_address>
         <size>0x4f4</size>
         <input_file_ref idref="fl-2"/>
      </object_component>
      <object_component id="oc-139">
         <name>.debug_info</name>
         <load_address>0x4f4</load_address>
         <run_address>0x4f4</run_address>
         <size>0x12b</size>
         <input_file_ref idref="fl-2"/>
      </object_component>
      <object_component id="oc-a3">
         <name>.debug_info</name>
         <load_address>0x61f</load_address>
         <run_address>0x61f</run_address>
         <size>0x4f4c</size>
         <input_file_ref idref="fl-2"/>
      </object_component>
      <object_component id="oc-25">
         <name>.debug_info</name>
         <load_address>0x556b</load_address>
         <run_address>0x556b</run_address>
         <size>0x376</size>
         <input_file_ref idref="fl-2"/>
      </object_component>
      <object_component id="oc-f2">
         <name>.debug_info</name>
         <load_address>0x58e1</load_address>
         <run_address>0x58e1</run_address>
         <size>0x429</size>
         <input_file_ref idref="fl-2"/>
      </object_component>
      <object_component id="oc-ad">
         <name>.debug_info</name>
         <load_address>0x5d0a</load_address>
         <run_address>0x5d0a</run_address>
         <size>0x157</size>
         <input_file_ref idref="fl-2"/>
      </object_component>
      <object_component id="oc-11e">
         <name>.debug_info</name>
         <load_address>0x5e61</load_address>
         <run_address>0x5e61</run_address>
         <size>0x8b</size>
         <input_file_ref idref="fl-2"/>
      </object_component>
      <object_component id="oc-b8">
         <name>.debug_info</name>
         <load_address>0x5eec</load_address>
         <run_address>0x5eec</run_address>
         <size>0x18c</size>
         <input_file_ref idref="fl-2"/>
      </object_component>
      <object_component id="oc-13e">
         <name>.debug_info</name>
         <load_address>0x6078</load_address>
         <run_address>0x6078</run_address>
         <size>0x18b</size>
         <input_file_ref idref="fl-2"/>
      </object_component>
      <object_component id="oc-bd">
         <name>.debug_info</name>
         <load_address>0x6203</load_address>
         <run_address>0x6203</run_address>
         <size>0x86</size>
         <input_file_ref idref="fl-2"/>
      </object_component>
      <object_component id="oc-143">
         <name>.debug_info</name>
         <load_address>0x6289</load_address>
         <run_address>0x6289</run_address>
         <size>0x102</size>
         <input_file_ref idref="fl-2"/>
      </object_component>
      <object_component id="oc-148">
         <name>.debug_info</name>
         <load_address>0x638b</load_address>
         <run_address>0x638b</run_address>
         <size>0x515</size>
         <input_file_ref idref="fl-2"/>
      </object_component>
      <object_component id="oc-14d">
         <name>.debug_info</name>
         <load_address>0x68a0</load_address>
         <run_address>0x68a0</run_address>
         <size>0x44a</size>
         <input_file_ref idref="fl-2"/>
      </object_component>
      <object_component id="oc-152">
         <name>.debug_info</name>
         <load_address>0x6cea</load_address>
         <run_address>0x6cea</run_address>
         <size>0x1f9</size>
         <input_file_ref idref="fl-2"/>
      </object_component>
      <object_component id="oc-157">
         <name>.debug_info</name>
         <load_address>0x6ee3</load_address>
         <run_address>0x6ee3</run_address>
         <size>0x152</size>
         <input_file_ref idref="fl-2"/>
      </object_component>
      <object_component id="oc-2b9">
         <name>.debug_info</name>
         <load_address>0x7035</load_address>
         <run_address>0x7035</run_address>
         <size>0x4c</size>
         <input_file_ref idref="fl-2"/>
      </object_component>
      <object_component id="oc-15c">
         <name>.debug_info</name>
         <load_address>0x7081</load_address>
         <run_address>0x7081</run_address>
         <size>0x70a</size>
         <input_file_ref idref="fl-2"/>
      </object_component>
      <object_component id="oc-161">
         <name>.debug_info</name>
         <load_address>0x778b</load_address>
         <run_address>0x778b</run_address>
         <size>0x36d</size>
         <input_file_ref idref="fl-2"/>
      </object_component>
      <object_component id="oc-2c2">
         <name>.debug_info</name>
         <load_address>0x7af8</load_address>
         <run_address>0x7af8</run_address>
         <size>0x222</size>
         <input_file_ref idref="fl-3"/>
      </object_component>
      <object_component id="oc-250">
         <name>.debug_info</name>
         <load_address>0x7d1a</load_address>
         <run_address>0x7d1a</run_address>
         <size>0x142</size>
         <input_file_ref idref="fl-3"/>
      </object_component>
      <object_component id="oc-168">
         <name>.debug_info</name>
         <load_address>0x7e5c</load_address>
         <run_address>0x7e5c</run_address>
         <size>0x285</size>
         <input_file_ref idref="fl-3"/>
      </object_component>
      <object_component id="oc-fe">
         <name>.debug_info</name>
         <load_address>0x80e1</load_address>
         <run_address>0x80e1</run_address>
         <size>0x1ee</size>
         <input_file_ref idref="fl-5"/>
      </object_component>
      <object_component id="oc-85">
         <name>.debug_info</name>
         <load_address>0x82cf</load_address>
         <run_address>0x82cf</run_address>
         <size>0x1c7f</size>
         <input_file_ref idref="fl-5"/>
      </object_component>
      <object_component id="oc-2b">
         <name>.debug_info</name>
         <load_address>0x9f4e</load_address>
         <run_address>0x9f4e</run_address>
         <size>0x271</size>
         <input_file_ref idref="fl-5"/>
      </object_component>
      <object_component id="oc-f9">
         <name>.debug_info</name>
         <load_address>0xa1bf</load_address>
         <run_address>0xa1bf</run_address>
         <size>0x168</size>
         <input_file_ref idref="fl-5"/>
      </object_component>
      <object_component id="oc-279">
         <name>.debug_info</name>
         <load_address>0xa327</load_address>
         <run_address>0xa327</run_address>
         <size>0x153</size>
         <input_file_ref idref="fl-6"/>
      </object_component>
      <object_component id="oc-10f">
         <name>.debug_info</name>
         <load_address>0xa47a</load_address>
         <run_address>0xa47a</run_address>
         <size>0xc2a</size>
         <input_file_ref idref="fl-6"/>
      </object_component>
      <object_component id="oc-352">
         <name>.debug_info</name>
         <load_address>0xb0a4</load_address>
         <run_address>0xb0a4</run_address>
         <size>0x12a</size>
         <input_file_ref idref="fl-6"/>
      </object_component>
      <object_component id="oc-2bf">
         <name>.debug_info</name>
         <load_address>0xb1ce</load_address>
         <run_address>0xb1ce</run_address>
         <size>0x1a7</size>
         <input_file_ref idref="fl-7"/>
      </object_component>
      <object_component id="oc-133">
         <name>.debug_info</name>
         <load_address>0xb375</load_address>
         <run_address>0xb375</run_address>
         <size>0xa65</size>
         <input_file_ref idref="fl-7"/>
      </object_component>
      <object_component id="oc-e5">
         <name>.debug_info</name>
         <load_address>0xbdda</load_address>
         <run_address>0xbdda</run_address>
         <size>0x34b</size>
         <input_file_ref idref="fl-9"/>
      </object_component>
      <object_component id="oc-79">
         <name>.debug_info</name>
         <load_address>0xc125</load_address>
         <run_address>0xc125</run_address>
         <size>0xd26</size>
         <input_file_ref idref="fl-9"/>
      </object_component>
      <object_component id="oc-24b">
         <name>.debug_info</name>
         <load_address>0xce4b</load_address>
         <run_address>0xce4b</run_address>
         <size>0xadd</size>
         <input_file_ref idref="fl-9"/>
      </object_component>
      <object_component id="oc-e6">
         <name>.debug_info</name>
         <load_address>0xd928</load_address>
         <run_address>0xd928</run_address>
         <size>0x6eb</size>
         <input_file_ref idref="fl-9"/>
      </object_component>
      <object_component id="oc-255">
         <name>.debug_info</name>
         <load_address>0xe013</load_address>
         <run_address>0xe013</run_address>
         <size>0x243</size>
         <input_file_ref idref="fl-9"/>
      </object_component>
      <object_component id="oc-3b4">
         <name>.debug_info</name>
         <load_address>0xe256</load_address>
         <run_address>0xe256</run_address>
         <size>0x18e</size>
         <input_file_ref idref="fl-9"/>
      </object_component>
      <object_component id="oc-2b8">
         <name>.debug_info</name>
         <load_address>0xe3e4</load_address>
         <run_address>0xe3e4</run_address>
         <size>0x277</size>
         <input_file_ref idref="fl-a"/>
      </object_component>
      <object_component id="oc-12d">
         <name>.debug_info</name>
         <load_address>0xe65b</load_address>
         <run_address>0xe65b</run_address>
         <size>0x12d5</size>
         <input_file_ref idref="fl-a"/>
      </object_component>
      <object_component id="oc-343">
         <name>.debug_info</name>
         <load_address>0xf930</load_address>
         <run_address>0xf930</run_address>
         <size>0x155</size>
         <input_file_ref idref="fl-c"/>
      </object_component>
      <object_component id="oc-ec">
         <name>.debug_info</name>
         <load_address>0xfa85</load_address>
         <run_address>0xfa85</run_address>
         <size>0x1e5</size>
         <input_file_ref idref="fl-c"/>
      </object_component>
      <object_component id="oc-262">
         <name>.debug_info</name>
         <load_address>0xfc6a</load_address>
         <run_address>0xfc6a</run_address>
         <size>0x199</size>
         <input_file_ref idref="fl-c"/>
      </object_component>
      <object_component id="oc-361">
         <name>.debug_info</name>
         <load_address>0xfe03</load_address>
         <run_address>0xfe03</run_address>
         <size>0x1ef</size>
         <input_file_ref idref="fl-d"/>
      </object_component>
      <object_component id="oc-35e">
         <name>.debug_info</name>
         <load_address>0xfff2</load_address>
         <run_address>0xfff2</run_address>
         <size>0x134</size>
         <input_file_ref idref="fl-d"/>
      </object_component>
      <object_component id="oc-27b">
         <name>.debug_info</name>
         <load_address>0x10126</load_address>
         <run_address>0x10126</run_address>
         <size>0x157f</size>
         <input_file_ref idref="fl-d"/>
      </object_component>
      <object_component id="oc-3af">
         <name>.debug_info</name>
         <load_address>0x116a5</load_address>
         <run_address>0x116a5</run_address>
         <size>0x91</size>
         <input_file_ref idref="fl-d"/>
      </object_component>
      <object_component id="oc-74">
         <name>.debug_info</name>
         <load_address>0x11736</load_address>
         <run_address>0x11736</run_address>
         <size>0xf87</size>
         <input_file_ref idref="fl-e"/>
      </object_component>
      <object_component id="oc-34">
         <name>.debug_info</name>
         <load_address>0x126bd</load_address>
         <run_address>0x126bd</run_address>
         <size>0x194</size>
         <input_file_ref idref="fl-10"/>
      </object_component>
      <object_component id="oc-2a8">
         <name>.debug_info</name>
         <load_address>0x12851</load_address>
         <run_address>0x12851</run_address>
         <size>0x16d</size>
         <input_file_ref idref="fl-11"/>
      </object_component>
      <object_component id="oc-11b">
         <name>.debug_info</name>
         <load_address>0x129be</load_address>
         <run_address>0x129be</run_address>
         <size>0x132</size>
         <input_file_ref idref="fl-11"/>
      </object_component>
      <object_component id="oc-96">
         <name>.debug_info</name>
         <load_address>0x12af0</load_address>
         <run_address>0x12af0</run_address>
         <size>0x20b</size>
         <input_file_ref idref="fl-11"/>
      </object_component>
      <object_component id="oc-8b">
         <name>.debug_info</name>
         <load_address>0x12cfb</load_address>
         <run_address>0x12cfb</run_address>
         <size>0x821</size>
         <input_file_ref idref="fl-12"/>
      </object_component>
      <object_component id="oc-342">
         <name>.debug_info</name>
         <load_address>0x1351c</load_address>
         <run_address>0x1351c</run_address>
         <size>0x196</size>
         <input_file_ref idref="fl-13"/>
      </object_component>
      <object_component id="oc-25d">
         <name>.debug_info</name>
         <load_address>0x136b2</load_address>
         <run_address>0x136b2</run_address>
         <size>0x457</size>
         <input_file_ref idref="fl-13"/>
      </object_component>
      <object_component id="oc-39">
         <name>.debug_info</name>
         <load_address>0x13b09</load_address>
         <run_address>0x13b09</run_address>
         <size>0x206</size>
         <input_file_ref idref="fl-14"/>
      </object_component>
      <object_component id="oc-1f">
         <name>.debug_info</name>
         <load_address>0x13d0f</load_address>
         <run_address>0x13d0f</run_address>
         <size>0x345</size>
         <input_file_ref idref="fl-17"/>
      </object_component>
      <object_component id="oc-b4">
         <name>.debug_info</name>
         <load_address>0x14054</load_address>
         <run_address>0x14054</run_address>
         <size>0x339</size>
         <input_file_ref idref="fl-18"/>
      </object_component>
      <object_component id="oc-31">
         <name>.debug_info</name>
         <load_address>0x1438d</load_address>
         <run_address>0x1438d</run_address>
         <size>0x12e</size>
         <input_file_ref idref="fl-18"/>
      </object_component>
      <object_component id="oc-40">
         <name>.debug_info</name>
         <load_address>0x144bb</load_address>
         <run_address>0x144bb</run_address>
         <size>0x740</size>
         <input_file_ref idref="fl-18"/>
      </object_component>
      <object_component id="oc-45">
         <name>.debug_info</name>
         <load_address>0x14bfb</load_address>
         <run_address>0x14bfb</run_address>
         <size>0x2c3</size>
         <input_file_ref idref="fl-18"/>
      </object_component>
      <object_component id="oc-16d">
         <name>.debug_info</name>
         <load_address>0x14ebe</load_address>
         <run_address>0x14ebe</run_address>
         <size>0x4f</size>
         <input_file_ref idref="fl-18"/>
      </object_component>
      <object_component id="oc-f7">
         <name>.debug_info</name>
         <load_address>0x14f0d</load_address>
         <run_address>0x14f0d</run_address>
         <size>0x284</size>
         <input_file_ref idref="fl-19"/>
      </object_component>
      <object_component id="oc-7f">
         <name>.debug_info</name>
         <load_address>0x15191</load_address>
         <run_address>0x15191</run_address>
         <size>0xa28</size>
         <input_file_ref idref="fl-19"/>
      </object_component>
      <object_component id="oc-245">
         <name>.debug_info</name>
         <load_address>0x15bb9</load_address>
         <run_address>0x15bb9</run_address>
         <size>0x6f9</size>
         <input_file_ref idref="fl-1a"/>
      </object_component>
      <object_component id="oc-288">
         <name>.debug_info</name>
         <load_address>0x162b2</load_address>
         <run_address>0x162b2</run_address>
         <size>0x11c</size>
         <input_file_ref idref="fl-1a"/>
      </object_component>
      <object_component id="oc-28b">
         <name>.debug_info</name>
         <load_address>0x163ce</load_address>
         <run_address>0x163ce</run_address>
         <size>0x11e</size>
         <input_file_ref idref="fl-1a"/>
      </object_component>
      <object_component id="oc-28e">
         <name>.debug_info</name>
         <load_address>0x164ec</load_address>
         <run_address>0x164ec</run_address>
         <size>0x118</size>
         <input_file_ref idref="fl-1a"/>
      </object_component>
      <object_component id="oc-291">
         <name>.debug_info</name>
         <load_address>0x16604</load_address>
         <run_address>0x16604</run_address>
         <size>0x12c</size>
         <input_file_ref idref="fl-1a"/>
      </object_component>
      <object_component id="oc-294">
         <name>.debug_info</name>
         <load_address>0x16730</load_address>
         <run_address>0x16730</run_address>
         <size>0x124</size>
         <input_file_ref idref="fl-1a"/>
      </object_component>
      <object_component id="oc-29b">
         <name>.debug_info</name>
         <load_address>0x16854</load_address>
         <run_address>0x16854</run_address>
         <size>0x126</size>
         <input_file_ref idref="fl-1a"/>
      </object_component>
      <object_component id="oc-29e">
         <name>.debug_info</name>
         <load_address>0x1697a</load_address>
         <run_address>0x1697a</run_address>
         <size>0x11e</size>
         <input_file_ref idref="fl-1a"/>
      </object_component>
      <object_component id="oc-297">
         <name>.debug_info</name>
         <load_address>0x16a98</load_address>
         <run_address>0x16a98</run_address>
         <size>0x126</size>
         <input_file_ref idref="fl-1a"/>
      </object_component>
      <object_component id="oc-ca">
         <name>.debug_info</name>
         <load_address>0x16bbe</load_address>
         <run_address>0x16bbe</run_address>
         <size>0x16b</size>
         <input_file_ref idref="fl-1a"/>
      </object_component>
      <object_component id="oc-115">
         <name>.debug_info</name>
         <load_address>0x16d29</load_address>
         <run_address>0x16d29</run_address>
         <size>0xf0e</size>
         <input_file_ref idref="fl-1a"/>
      </object_component>
      <object_component id="oc-4b">
         <name>.debug_info</name>
         <load_address>0x17c37</load_address>
         <run_address>0x17c37</run_address>
         <size>0x2c7</size>
         <input_file_ref idref="fl-1a"/>
      </object_component>
      <object_component id="oc-22a">
         <name>.debug_info</name>
         <load_address>0x17efe</load_address>
         <run_address>0x17efe</run_address>
         <size>0x12f</size>
         <input_file_ref idref="fl-1a"/>
      </object_component>
      <object_component id="oc-220">
         <name>.debug_info</name>
         <load_address>0x1802d</load_address>
         <run_address>0x1802d</run_address>
         <size>0x87</size>
         <input_file_ref idref="fl-1a"/>
      </object_component>
      <object_component id="oc-33d">
         <name>.debug_info</name>
         <load_address>0x180b4</load_address>
         <run_address>0x180b4</run_address>
         <size>0x65a</size>
         <input_file_ref idref="fl-1a"/>
      </object_component>
      <object_component id="oc-239">
         <name>.debug_info</name>
         <load_address>0x1870e</load_address>
         <run_address>0x1870e</run_address>
         <size>0x174</size>
         <input_file_ref idref="fl-1a"/>
      </object_component>
      <object_component id="oc-338">
         <name>.debug_info</name>
         <load_address>0x18882</load_address>
         <run_address>0x18882</run_address>
         <size>0x1b0</size>
         <input_file_ref idref="fl-1a"/>
      </object_component>
      <object_component id="oc-1fd">
         <name>.debug_info</name>
         <load_address>0x18a32</load_address>
         <run_address>0x18a32</run_address>
         <size>0x7a</size>
         <input_file_ref idref="fl-1a"/>
      </object_component>
      <object_component id="oc-207">
         <name>.debug_info</name>
         <load_address>0x18aac</load_address>
         <run_address>0x18aac</run_address>
         <size>0x2c</size>
         <input_file_ref idref="fl-1a"/>
      </object_component>
      <object_component id="oc-21b">
         <name>.debug_info</name>
         <load_address>0x18ad8</load_address>
         <run_address>0x18ad8</run_address>
         <size>0x2c</size>
         <input_file_ref idref="fl-1a"/>
      </object_component>
      <object_component id="oc-216">
         <name>.debug_info</name>
         <load_address>0x18b04</load_address>
         <run_address>0x18b04</run_address>
         <size>0xf5</size>
         <input_file_ref idref="fl-1a"/>
      </object_component>
      <object_component id="oc-2a1">
         <name>.debug_info</name>
         <load_address>0x18bf9</load_address>
         <run_address>0x18bf9</run_address>
         <size>0x41</size>
         <input_file_ref idref="fl-1a"/>
      </object_component>
      <object_component id="oc-202">
         <name>.debug_info</name>
         <load_address>0x18c3a</load_address>
         <run_address>0x18c3a</run_address>
         <size>0x9f</size>
         <input_file_ref idref="fl-1a"/>
      </object_component>
      <object_component id="oc-2da">
         <name>.debug_info</name>
         <load_address>0x18cd9</load_address>
         <run_address>0x18cd9</run_address>
         <size>0x167</size>
         <input_file_ref idref="fl-1a"/>
      </object_component>
      <object_component id="oc-2e9">
         <name>.debug_info</name>
         <load_address>0x18e40</load_address>
         <run_address>0x18e40</run_address>
         <size>0x3f9</size>
         <input_file_ref idref="fl-1a"/>
      </object_component>
      <object_component id="oc-3c5">
         <name>.debug_info</name>
         <load_address>0x19239</load_address>
         <run_address>0x19239</run_address>
         <size>0x1d7</size>
         <input_file_ref idref="fl-1b"/>
      </object_component>
      <object_component id="oc-425">
         <name>.debug_info</name>
         <load_address>0x19410</load_address>
         <run_address>0x19410</run_address>
         <size>0x12f</size>
         <input_file_ref idref="fl-1b"/>
      </object_component>
      <object_component id="oc-41e">
         <name>.debug_info</name>
         <load_address>0x1953f</load_address>
         <run_address>0x1953f</run_address>
         <size>0x13d</size>
         <input_file_ref idref="fl-1b"/>
      </object_component>
      <object_component id="oc-414">
         <name>.debug_info</name>
         <load_address>0x1967c</load_address>
         <run_address>0x1967c</run_address>
         <size>0x139</size>
         <input_file_ref idref="fl-1b"/>
      </object_component>
      <object_component id="oc-40a">
         <name>.debug_info</name>
         <load_address>0x197b5</load_address>
         <run_address>0x197b5</run_address>
         <size>0x15c</size>
         <input_file_ref idref="fl-1b"/>
      </object_component>
      <object_component id="oc-400">
         <name>.debug_info</name>
         <load_address>0x19911</load_address>
         <run_address>0x19911</run_address>
         <size>0x13e</size>
         <input_file_ref idref="fl-1b"/>
      </object_component>
      <object_component id="oc-3f6">
         <name>.debug_info</name>
         <load_address>0x19a4f</load_address>
         <run_address>0x19a4f</run_address>
         <size>0x134</size>
         <input_file_ref idref="fl-1b"/>
      </object_component>
      <object_component id="oc-3e3">
         <name>.debug_info</name>
         <load_address>0x19b83</load_address>
         <run_address>0x19b83</run_address>
         <size>0x130</size>
         <input_file_ref idref="fl-1b"/>
      </object_component>
      <object_component id="oc-41b">
         <name>.debug_info</name>
         <load_address>0x19cb3</load_address>
         <run_address>0x19cb3</run_address>
         <size>0x131</size>
         <input_file_ref idref="fl-1b"/>
      </object_component>
      <object_component id="oc-411">
         <name>.debug_info</name>
         <load_address>0x19de4</load_address>
         <run_address>0x19de4</run_address>
         <size>0x13f</size>
         <input_file_ref idref="fl-1b"/>
      </object_component>
      <object_component id="oc-407">
         <name>.debug_info</name>
         <load_address>0x19f23</load_address>
         <run_address>0x19f23</run_address>
         <size>0x13b</size>
         <input_file_ref idref="fl-1b"/>
      </object_component>
      <object_component id="oc-3fd">
         <name>.debug_info</name>
         <load_address>0x1a05e</load_address>
         <run_address>0x1a05e</run_address>
         <size>0x15d</size>
         <input_file_ref idref="fl-1b"/>
      </object_component>
      <object_component id="oc-3f3">
         <name>.debug_info</name>
         <load_address>0x1a1bb</load_address>
         <run_address>0x1a1bb</run_address>
         <size>0x13f</size>
         <input_file_ref idref="fl-1b"/>
      </object_component>
      <object_component id="oc-3e0">
         <name>.debug_info</name>
         <load_address>0x1a2fa</load_address>
         <run_address>0x1a2fa</run_address>
         <size>0x135</size>
         <input_file_ref idref="fl-1b"/>
      </object_component>
      <object_component id="oc-3c2">
         <name>.debug_info</name>
         <load_address>0x1a42f</load_address>
         <run_address>0x1a42f</run_address>
         <size>0x131</size>
         <input_file_ref idref="fl-1b"/>
      </object_component>
      <object_component id="oc-369">
         <name>.debug_info</name>
         <load_address>0x1a560</load_address>
         <run_address>0x1a560</run_address>
         <size>0x429</size>
         <input_file_ref idref="fl-1b"/>
      </object_component>
      <object_component id="oc-56">
         <name>.debug_info</name>
         <load_address>0x1a989</load_address>
         <run_address>0x1a989</run_address>
         <size>0x84</size>
         <input_file_ref idref="fl-1b"/>
      </object_component>
      <object_component id="oc-dc">
         <name>.debug_info</name>
         <load_address>0x1aa0d</load_address>
         <run_address>0x1aa0d</run_address>
         <size>0x2c</size>
         <input_file_ref idref="fl-1b"/>
      </object_component>
      <object_component id="oc-3d4">
         <name>.debug_info</name>
         <load_address>0x1aa39</load_address>
         <run_address>0x1aa39</run_address>
         <size>0x91</size>
         <input_file_ref idref="fl-1b"/>
      </object_component>
      <object_component id="oc-3e9">
         <name>.debug_info</name>
         <load_address>0x1aaca</load_address>
         <run_address>0x1aaca</run_address>
         <size>0x91</size>
         <input_file_ref idref="fl-1b"/>
      </object_component>
      <object_component id="oc-37b">
         <name>.debug_info</name>
         <load_address>0x1ab5b</load_address>
         <run_address>0x1ab5b</run_address>
         <size>0x842</size>
         <input_file_ref idref="fl-1c"/>
      </object_component>
      <object_component id="oc-378">
         <name>.debug_info</name>
         <load_address>0x1b39d</load_address>
         <run_address>0x1b39d</run_address>
         <size>0x142</size>
         <input_file_ref idref="fl-1c"/>
      </object_component>
      <object_component id="oc-375">
         <name>.debug_info</name>
         <load_address>0x1b4df</load_address>
         <run_address>0x1b4df</run_address>
         <size>0x133</size>
         <input_file_ref idref="fl-1c"/>
      </object_component>
      <object_component id="oc-281">
         <name>.debug_info</name>
         <load_address>0x1b612</load_address>
         <run_address>0x1b612</run_address>
         <size>0x2424</size>
         <input_file_ref idref="fl-1c"/>
      </object_component>
      <object_component id="oc-3cf">
         <name>.debug_info</name>
         <load_address>0x1da36</load_address>
         <run_address>0x1da36</run_address>
         <size>0x104</size>
         <input_file_ref idref="fl-1c"/>
      </object_component>
      <object_component id="oc-186">
         <name>.debug_info</name>
         <load_address>0x1db3a</load_address>
         <run_address>0x1db3a</run_address>
         <size>0x1334</size>
         <input_file_ref idref="fl-1d"/>
      </object_component>
      <object_component id="oc-197">
         <name>.debug_info</name>
         <load_address>0x1ee6e</load_address>
         <run_address>0x1ee6e</run_address>
         <size>0x312</size>
         <input_file_ref idref="fl-1d"/>
      </object_component>
      <object_component id="oc-1a2">
         <name>.debug_info</name>
         <load_address>0x1f180</load_address>
         <run_address>0x1f180</run_address>
         <size>0x120</size>
         <input_file_ref idref="fl-1d"/>
      </object_component>
      <object_component id="oc-1a5">
         <name>.debug_info</name>
         <load_address>0x1f2a0</load_address>
         <run_address>0x1f2a0</run_address>
         <size>0x124</size>
         <input_file_ref idref="fl-1d"/>
      </object_component>
      <object_component id="oc-19c">
         <name>.debug_info</name>
         <load_address>0x1f3c4</load_address>
         <run_address>0x1f3c4</run_address>
         <size>0x120</size>
         <input_file_ref idref="fl-1d"/>
      </object_component>
      <object_component id="oc-19f">
         <name>.debug_info</name>
         <load_address>0x1f4e4</load_address>
         <run_address>0x1f4e4</run_address>
         <size>0x126</size>
         <input_file_ref idref="fl-1d"/>
      </object_component>
      <object_component id="oc-1c2">
         <name>.debug_info</name>
         <load_address>0x1f60a</load_address>
         <run_address>0x1f60a</run_address>
         <size>0x12b</size>
         <input_file_ref idref="fl-1d"/>
      </object_component>
      <object_component id="oc-194">
         <name>.debug_info</name>
         <load_address>0x1f735</load_address>
         <run_address>0x1f735</run_address>
         <size>0x140</size>
         <input_file_ref idref="fl-1d"/>
      </object_component>
      <object_component id="oc-1bf">
         <name>.debug_info</name>
         <load_address>0x1f875</load_address>
         <run_address>0x1f875</run_address>
         <size>0x127</size>
         <input_file_ref idref="fl-1d"/>
      </object_component>
      <object_component id="oc-1bc">
         <name>.debug_info</name>
         <load_address>0x1f99c</load_address>
         <run_address>0x1f99c</run_address>
         <size>0x137</size>
         <input_file_ref idref="fl-1d"/>
      </object_component>
      <object_component id="oc-1b8">
         <name>.debug_info</name>
         <load_address>0x1fad3</load_address>
         <run_address>0x1fad3</run_address>
         <size>0x12b</size>
         <input_file_ref idref="fl-1d"/>
      </object_component>
      <object_component id="oc-1c5">
         <name>.debug_info</name>
         <load_address>0x1fbfe</load_address>
         <run_address>0x1fbfe</run_address>
         <size>0x11a</size>
         <input_file_ref idref="fl-1d"/>
      </object_component>
      <object_component id="oc-183">
         <name>.debug_info</name>
         <load_address>0x1fd18</load_address>
         <run_address>0x1fd18</run_address>
         <size>0x127</size>
         <input_file_ref idref="fl-1d"/>
      </object_component>
      <object_component id="oc-18a">
         <name>.debug_info</name>
         <load_address>0x1fe3f</load_address>
         <run_address>0x1fe3f</run_address>
         <size>0x133</size>
         <input_file_ref idref="fl-1d"/>
      </object_component>
      <object_component id="oc-1d6">
         <name>.debug_info</name>
         <load_address>0x1ff72</load_address>
         <run_address>0x1ff72</run_address>
         <size>0x129</size>
         <input_file_ref idref="fl-1d"/>
      </object_component>
      <object_component id="oc-1d9">
         <name>.debug_info</name>
         <load_address>0x2009b</load_address>
         <run_address>0x2009b</run_address>
         <size>0x11f</size>
         <input_file_ref idref="fl-1d"/>
      </object_component>
      <object_component id="oc-1cd">
         <name>.debug_info</name>
         <load_address>0x201ba</load_address>
         <run_address>0x201ba</run_address>
         <size>0x122</size>
         <input_file_ref idref="fl-1d"/>
      </object_component>
      <object_component id="oc-1dc">
         <name>.debug_info</name>
         <load_address>0x202dc</load_address>
         <run_address>0x202dc</run_address>
         <size>0x124</size>
         <input_file_ref idref="fl-1d"/>
      </object_component>
      <object_component id="oc-1df">
         <name>.debug_info</name>
         <load_address>0x20400</load_address>
         <run_address>0x20400</run_address>
         <size>0x121</size>
         <input_file_ref idref="fl-1d"/>
      </object_component>
      <object_component id="oc-1e8">
         <name>.debug_info</name>
         <load_address>0x20521</load_address>
         <run_address>0x20521</run_address>
         <size>0x125</size>
         <input_file_ref idref="fl-1d"/>
      </object_component>
      <object_component id="oc-1e5">
         <name>.debug_info</name>
         <load_address>0x20646</load_address>
         <run_address>0x20646</run_address>
         <size>0x127</size>
         <input_file_ref idref="fl-1d"/>
      </object_component>
      <object_component id="oc-1eb">
         <name>.debug_info</name>
         <load_address>0x2076d</load_address>
         <run_address>0x2076d</run_address>
         <size>0x121</size>
         <input_file_ref idref="fl-1d"/>
      </object_component>
      <object_component id="oc-1e2">
         <name>.debug_info</name>
         <load_address>0x2088e</load_address>
         <run_address>0x2088e</run_address>
         <size>0x127</size>
         <input_file_ref idref="fl-1d"/>
      </object_component>
      <object_component id="oc-1ee">
         <name>.debug_info</name>
         <load_address>0x209b5</load_address>
         <run_address>0x209b5</run_address>
         <size>0x12d</size>
         <input_file_ref idref="fl-1d"/>
      </object_component>
      <object_component id="oc-1f1">
         <name>.debug_info</name>
         <load_address>0x20ae2</load_address>
         <run_address>0x20ae2</run_address>
         <size>0x12f</size>
         <input_file_ref idref="fl-1d"/>
      </object_component>
      <object_component id="oc-1f4">
         <name>.debug_info</name>
         <load_address>0x20c11</load_address>
[...]
         <value>0x44908</value>
         <object_component_ref idref="oc-c3"/>
      </symbol>
      <symbol id="sm-1008">
         <name>raw_sendto</name>
         <value>0x461d0</value>
         <object_component_ref idref="oc-c3"/>
      </symbol>
      <symbol id="sm-1009">
         <name>stats_init</name>
         <value>0x46464</value>
         <object_component_ref idref="oc-c3"/>
      </symbol>
      <symbol id="sm-100a">
         <name>udp_input</name>
         <value>0x4d05c</value>
         <object_component_ref idref="oc-c3"/>
      </symbol>
      <symbol id="sm-100b">
         <name>tcp_send_fin</name>
         <value>0x4b470</value>
         <object_component_ref idref="oc-c3"/>
      </symbol>
      <symbol id="sm-100c">
         <name>lwIPInit</name>
         <value>0x51db4</value>
         <object_component_ref idref="oc-c3"/>
      </symbol>
      <symbol id="sm-100d">
         <name>pbuf_take</name>
         <value>0x45b70</value>
         <object_component_ref idref="oc-c3"/>
      </symbol>
      <symbol id="sm-100e">
         <name>raw_input</name>
         <value>0x45fe0</value>
         <object_component_ref idref="oc-c3"/>
      </symbol>
      <symbol id="sm-100f">
         <name>raw_recv</name>
         <value>0x461a0</value>
         <object_component_ref idref="oc-c3"/>
      </symbol>
      <symbol id="sm-1010">
         <name>tcp_poll</name>
         <value>0x48214</value>
         <object_component_ref idref="oc-c3"/>
      </symbol>
      <symbol id="sm-1011">
         <name>udp_new</name>
         <value>0x4dbbc</value>
         <object_component_ref idref="oc-c3"/>
      </symbol>
      <symbol id="sm-1012">
         <name>udp_recv</name>
         <value>0x4dae4</value>
         <object_component_ref idref="oc-c3"/>
      </symbol>
      <symbol id="sm-1013">
         <name>tcp_next_iss</name>
         <value>0x48438</value>
         <object_component_ref idref="oc-c3"/>
      </symbol>
      <symbol id="sm-1014">
         <name>tcp_zero_window_probe</name>
         <value>0x4cdf4</value>
         <object_component_ref idref="oc-c3"/>
      </symbol>
      <symbol id="sm-1015">
         <name>udp_init</name>
         <value>0x4cfa4</value>
         <object_component_ref idref="oc-c3"/>
      </symbol>
      <symbol id="sm-1016">
         <name>pbuf_copy_partial</name>
         <value>0x45a00</value>
         <object_component_ref idref="oc-c3"/>
      </symbol>
      <symbol id="sm-1017">
         <name>pbuf_alloc</name>
         <value>0x44eec</value>
         <object_component_ref idref="oc-c3"/>
      </symbol>
      <symbol id="sm-1018">
         <name>lwIPNetIfStatusGet</name>
         <value>0x52000</value>
         <object_component_ref idref="oc-c3"/>
      </symbol>
      <symbol id="sm-1019">
         <name>pbuf_memfind</name>
         <value>0x45eb4</value>
         <object_component_ref idref="oc-c3"/>
      </symbol>
      <symbol id="sm-101a">
         <name>ipaddr_ntoa_r</name>
         <value>0x4f438</value>
         <object_component_ref idref="oc-c3"/>
      </symbol>
      <symbol id="sm-101b">
         <name>udp_send</name>
         <value>0x4d568</value>
         <object_component_ref idref="oc-c3"/>
      </symbol>
      <symbol id="sm-101c">
         <name>icmp_input</name>
         <value>0x4dbfc</value>
         <object_component_ref idref="oc-c3"/>
      </symbol>
      <symbol id="sm-101d">
         <name>pbuf_strstr</name>
         <value>0x45f60</value>
         <object_component_ref idref="oc-c3"/>
      </symbol>
      <symbol id="sm-101e">
         <name>netif_set_gw</name>
         <value>0x44c54</value>
         <object_component_ref idref="oc-c3"/>
      </symbol>
      <symbol id="sm-101f">
         <name>inet_chksum_pbuf</name>
         <value>0x4e5b4</value>
         <object_component_ref idref="oc-c3"/>
      </symbol>
      <symbol id="sm-1020">
         <name>netif_find</name>
         <value>0x44a3c</value>
         <object_component_ref idref="oc-c3"/>
      </symbol>
      <symbol id="sm-1021">
         <name>ip_output</name>
         <value>0x4eee0</value>
         <object_component_ref idref="oc-c3"/>
      </symbol>
      <symbol id="sm-1022">
         <name>hdkif_swizzle_rxp</name>
         <value>0x50a14</value>
         <object_component_ref idref="oc-c3"/>
      </symbol>
      <symbol id="sm-1023">
         <name>lwIPRxIntHandler</name>
         <value>0x52048</value>
         <object_component_ref idref="oc-c3"/>
      </symbol>
      <symbol id="sm-1024">
         <name>pbuf_copy</name>
         <value>0x45804</value>
         <object_component_ref idref="oc-c3"/>
      </symbol>
      <symbol id="sm-1025">
         <name>dhcp_cleanup</name>
         <value>0x42110</value>
         <object_component_ref idref="oc-c3"/>
      </symbol>
      <symbol id="sm-1026">
         <name>tcp_segs_free</name>
         <value>0x47cb8</value>
         <object_component_ref idref="oc-c3"/>
      </symbol>
      <symbol id="sm-1027">
         <name>ipaddr_aton</name>
         <value>0x4f0e8</value>
         <object_component_ref idref="oc-c3"/>
      </symbol>
      <symbol id="sm-1028">
         <name>tcp_close</name>
         <value>0x46874</value>
         <object_component_ref idref="oc-c3"/>
      </symbol>
      <symbol id="sm-1029">
         <name>pbuf_coalesce</name>
         <value>0x45c8c</value>
         <object_component_ref idref="oc-c3"/>
      </symbol>
      <symbol id="sm-102a">
         <name>LocatorConfig</name>
         <value>0x51c08</value>
         <object_component_ref idref="oc-c3"/>
      </symbol>
      <symbol id="sm-102b">
         <name>hdkif_swizzle_data</name>
         <value>0x509ec</value>
         <object_component_ref idref="oc-c3"/>
      </symbol>
      <symbol id="sm-102c">
         <name>ethzero</name>
         <value>0x41a46</value>
         <object_component_ref idref="oc-1d8"/>
      </symbol>
      <symbol id="sm-102d">
         <name>tcp_update_rcv_ann_wnd</name>
         <value>0x46e7c</value>
         <object_component_ref idref="oc-c3"/>
      </symbol>
      <symbol id="sm-102e">
         <name>tcp_new</name>
         <value>0x48164</value>
         <object_component_ref idref="oc-c3"/>
      </symbol>
      <symbol id="sm-102f">
         <name>ethbroadcast</name>
         <value>0x41a40</value>
         <object_component_ref idref="oc-1d5"/>
      </symbol>
      <symbol id="sm-1030">
         <name>lwip_init</name>
         <value>0x43c3c</value>
         <object_component_ref idref="oc-c3"/>
      </symbol>
      <symbol id="sm-1031">
         <name>inet_chksum_pseudo</name>
         <value>0x4e1cc</value>
         <object_component_ref idref="oc-c3"/>
      </symbol>
      <symbol id="sm-1032">
         <name>dhcp_inform</name>
         <value>0x422d0</value>
         <object_component_ref idref="oc-c3"/>
      </symbol>
      <symbol id="sm-1033">
         <name>tcp_sent</name>
         <value>0x481b4</value>
         <object_component_ref idref="oc-c3"/>
      </symbol>
      <symbol id="sm-1034">
         <name>tcp_tmr</name>
         <value>0x4646c</value>
         <object_component_ref idref="oc-c3"/>
      </symbol>
      <symbol id="sm-1035">
         <name>pbuf_memcmp</name>
         <value>0x45da0</value>
         <object_component_ref idref="oc-c3"/>
      </symbol>
      <symbol id="sm-1036">
         <name>tcp_eff_send_mss</name>
         <value>0x48460</value>
         <object_component_ref idref="oc-c3"/>
      </symbol>
      <symbol id="sm-1037">
         <name>hdkif_macaddrset</name>
         <value>0x50a28</value>
         <object_component_ref idref="oc-c3"/>
      </symbol>
      <symbol id="sm-1038">
         <name>tcp_process_refused_data</name>
         <value>0x47b84</value>
         <object_component_ref idref="oc-c3"/>
      </symbol>
      <symbol id="sm-1039">
         <name>tcp_listen_with_backlog</name>
         <value>0x46c98</value>
         <object_component_ref idref="oc-c3"/>
      </symbol>
      <symbol id="sm-103a">
         <name>udp_remove</name>
         <value>0x4db14</value>
         <object_component_ref idref="oc-c3"/>
      </symbol>
      <symbol id="sm-103b">
         <name>udp_connect</name>
         <value>0x4d9ac</value>
         <object_component_ref idref="oc-c3"/>
      </symbol>
      <symbol id="sm-103c">
         <name>ip4_addr_netmask_valid</name>
         <value>0x4f028</value>
         <object_component_ref idref="oc-c3"/>
      </symbol>
      <symbol id="sm-103d">
         <name>etharp_find_addr</name>
         <value>0x4fcb4</value>
         <object_component_ref idref="oc-c3"/>
      </symbol>
      <symbol id="sm-103e">
         <name>netif_add</name>
         <value>0x4482c</value>
         <object_component_ref idref="oc-c3"/>
      </symbol>
      <symbol id="sm-103f">
         <name>tcp_seg_copy</name>
         <value>0x47d58</value>
         <object_component_ref idref="oc-c3"/>
      </symbol>
      <symbol id="sm-1040">
         <name>netif_set_default</name>
         <value>0x44ccc</value>
         <object_component_ref idref="oc-c3"/>
      </symbol>
      <symbol id="sm-1041">
         <name>hdkif_init</name>
         <value>0x5148c</value>
         <object_component_ref idref="oc-c3"/>
      </symbol>
      <symbol id="sm-1042">
         <name>tcp_accept</name>
         <value>0x481f4</value>
         <object_component_ref idref="oc-c3"/>
      </symbol>
      <symbol id="sm-1043">
         <name>netif_remove</name>
         <value>0x4494c</value>
         <object_component_ref idref="oc-c3"/>
      </symbol>
      <symbol id="sm-1044">
         <name>sys_now</name>
         <value>0x509d4</value>
         <object_component_ref idref="oc-c3"/>
      </symbol>
      <symbol id="sm-1045">
         <name>ip_route</name>
         <value>0x4e6b0</value>
         <object_component_ref idref="oc-c3"/>
      </symbol>
      <symbol id="sm-1046">
         <name>netif_init</name>
         <value>0x44824</value>
         <object_component_ref idref="oc-c3"/>
      </symbol>
      <symbol id="sm-1047">
         <name>tcp_pcb_remove</name>
         <value>0x4830c</value>
         <object_component_ref idref="oc-c3"/>
      </symbol>
      <symbol id="sm-1048">
         <name>tcp_debug_state_str</name>
         <value>0x484cc</value>
         <object_component_ref idref="oc-c3"/>
      </symbol>
      <symbol id="sm-1049">
         <name>tcp_state_str</name>
         <value>0x4191c</value>
         <object_component_ref idref="oc-1c1"/>
      </symbol>
      <symbol id="sm-104a">
         <name>etharp_tmr</name>
         <value>0x4f620</value>
         <object_component_ref idref="oc-c3"/>
      </symbol>
      <symbol id="sm-104b">
         <name>lwIPTxIntHandler</name>
         <value>0x5206c</value>
         <object_component_ref idref="oc-c3"/>
      </symbol>
      <symbol id="sm-104c">
         <name>tcp_abort</name>
         <value>0x46acc</value>
         <object_component_ref idref="oc-c3"/>
      </symbol>
      <symbol id="sm-104d">
         <name>mem_trim</name>
         <value>0x43f2c</value>
         <object_component_ref idref="oc-c3"/>
      </symbol>
      <symbol id="sm-104e">
         <name>dhcp_renew</name>
         <value>0x42840</value>
         <object_component_ref idref="oc-c3"/>
      </symbol>
      <symbol id="sm-104f">
         <name>tcp_shutdown</name>
         <value>0x468ac</value>
         <object_component_ref idref="oc-c3"/>
      </symbol>
      <symbol id="sm-1050">
         <name>tcp_setprio</name>
         <value>0x47d38</value>
         <object_component_ref idref="oc-c3"/>
      </symbol>
      <symbol id="sm-105d">
         <name>lwip_htons</name>
         <value>0x59e38</value>
         <object_component_ref idref="oc-172"/>
      </symbol>
      <symbol id="sm-105e">
         <name>lwip_htonl</name>
         <value>0x59e78</value>
         <object_component_ref idref="oc-172"/>
      </symbol>
      <symbol id="sm-105f">
         <name>lwip_ntohs</name>
         <value>0x59e64</value>
         <object_component_ref idref="oc-172"/>
      </symbol>
      <symbol id="sm-1060">
         <name>lwip_ntohl</name>
         <value>0x59eb4</value>
         <object_component_ref idref="oc-172"/>
      </symbol>
      <symbol id="sm-10a4">
         <name>sys_restart_timeouts</name>
         <value>0x58678</value>
         <object_component_ref idref="oc-18d"/>
      </symbol>
      <symbol id="sm-10a5">
         <name>tcp_timer_needed</name>
         <value>0x581dc</value>
         <object_component_ref idref="oc-18d"/>
      </symbol>
      <symbol id="sm-10a6">
         <name>sys_timeouts_init</name>
         <value>0x58290</value>
         <object_component_ref idref="oc-18d"/>
      </symbol>
      <symbol id="sm-10a7">
         <name>sys_untimeout</name>
         <value>0x58478</value>
         <object_component_ref idref="oc-18d"/>
      </symbol>
      <symbol id="sm-10a8">
         <name>sys_check_timeouts</name>
         <value>0x58574</value>
         <object_component_ref idref="oc-18d"/>
      </symbol>
      <symbol id="sm-10a9">
         <name>sys_timeout</name>
         <value>0x582d4</value>
         <object_component_ref idref="oc-18d"/>
      </symbol>
      <symbol id="sm-10d4">
         <name>__TI_auto_init</name>
         <value>0x59f45</value>
         <object_component_ref idref="oc-8f"/>
      </symbol>
      <symbol id="sm-10f2">
         <name>__TI_decompress_lzss</name>
         <value>0x59fb5</value>
         <object_component_ref idref="oc-c"/>
      </symbol>
      <symbol id="sm-1109">
         <name>__TI_decompress_none</name>
         <value>0x5a225</value>
         <object_component_ref idref="oc-12"/>
      </symbol>
      <symbol id="sm-111b">
         <name>__TI_zero_init</name>
         <value>0x5a233</value>
         <object_component_ref idref="oc-18"/>
      </symbol>
      <symbol id="sm-1135">
         <name>copy_in</name>
         <value>0x5a115</value>
         <object_component_ref idref="oc-100"/>
      </symbol>
      <symbol id="sm-1156">
         <name>C$$EXIT</name>
         <value>0x5a075</value>
         <object_component_ref idref="oc-9b"/>
      </symbol>
      <symbol id="sm-1157">
         <name>abort</name>
         <value>0x5a079</value>
         <object_component_ref idref="oc-9b"/>
      </symbol>
      <symbol id="sm-1158">
         <name>exit</name>
         <value>0x5a081</value>
         <object_component_ref idref="oc-9b"/>
      </symbol>
      <symbol id="sm-1159">
         <name>__TI_dtors_ptr</name>
         <value>0x8014724</value>
         <object_component_ref idref="oc-123"/>
      </symbol>
      <symbol id="sm-115a">
         <name>__TI_cleanup_ptr</name>
         <value>0x8014720</value>
         <object_component_ref idref="oc-123"/>
      </symbol>
      <symbol id="sm-115b">
         <name>__TI_enable_exit_profile_output</name>
         <value>0x8014728</value>
         <object_component_ref idref="oc-123"/>
      </symbol>
      <symbol id="sm-1167">
         <name>__aeabi_idivmod</name>
         <value>0x5a020</value>
         <object_component_ref idref="oc-178"/>
      </symbol>
      <symbol id="sm-1168">
         <name>__aeabi_idiv</name>
         <value>0x5a020</value>
         <object_component_ref idref="oc-178"/>
      </symbol>
      <symbol id="sm-1178">
         <name>memcmp</name>
         <value>0x5a18b</value>
         <object_component_ref idref="oc-1cf"/>
      </symbol>
      <symbol id="sm-1193">
         <name>memcpy</name>
         <value>0x59d9d</value>
         <object_component_ref idref="oc-5b"/>
      </symbol>
      <symbol id="sm-1194">
         <name>__aeabi_memcpy</name>
         <value>0x59d9d</value>
         <object_component_ref idref="oc-5b"/>
      </symbol>
      <symbol id="sm-1195">
         <name>__aeabi_memcpy8</name>
         <value>0x59d9d</value>
         <object_component_ref idref="oc-5b"/>
      </symbol>
      <symbol id="sm-1196">
         <name>__aeabi_memcpy4</name>
         <value>0x59d9d</value>
         <object_component_ref idref="oc-5b"/>
      </symbol>
      <symbol id="sm-11a5">
         <name>__aeabi_memset</name>
         <value>0x59ecb</value>
         <object_component_ref idref="oc-67"/>
      </symbol>
      <symbol id="sm-11a6">
         <name>memset</name>
         <value>0x59ed1</value>
         <object_component_ref idref="oc-67"/>
      </symbol>
      <symbol id="sm-11a7">
         <name>__aeabi_memset8</name>
         <value>0x59ecb</value>
         <object_component_ref idref="oc-67"/>
      </symbol>
      <symbol id="sm-11a8">
         <name>__aeabi_memset4</name>
         <value>0x59ecb</value>
         <object_component_ref idref="oc-67"/>
      </symbol>
      <symbol id="sm-11a9">
         <name>__aeabi_memclr8</name>
         <value>0x59ec9</value>
         <object_component_ref idref="oc-67"/>
      </symbol>
      <symbol id="sm-11aa">
         <name>__aeabi_memclr4</name>
         <value>0x59ec9</value>
         <object_component_ref idref="oc-67"/>
      </symbol>
      <symbol id="sm-11ab">
         <name>__aeabi_memclr</name>
         <value>0x59ec9</value>
         <object_component_ref idref="oc-67"/>
      </symbol>
      <symbol id="sm-11cc">
         <name>floorl</name>
         <value>0x599f5</value>
         <object_component_ref idref="oc-357"/>
      </symbol>
      <symbol id="sm-11cd">
         <name>floor</name>
         <value>0x599f5</value>
         <object_component_ref idref="oc-357"/>
      </symbol>
      <symbol id="sm-11d7">
         <name>_system_post_cinit</name>
         <value>0x5a23f</value>
         <object_component_ref idref="oc-106"/>
      </symbol>
      <symbol id="sm-11e7">
         <name>strchr</name>
         <value>0x5a1e5</value>
         <object_component_ref idref="oc-36e"/>
      </symbol>
      <symbol id="sm-11f6">
         <name>strcmp</name>
         <value>0x5a1cd</value>
         <object_component_ref idref="oc-3bb"/>
      </symbol>
      <symbol id="sm-1204">
         <name>strlen</name>
         <value>0x5a1fb</value>
         <object_component_ref idref="oc-1ab"/>
      </symbol>
      <symbol id="sm-1214">
         <name>strncmp</name>
         <value>0x5a161</value>
         <object_component_ref idref="oc-362"/>
      </symbol>
      <symbol id="sm-1220">
         <name>__aeabi_uidivmod</name>
         <value>0x5a0c4</value>
         <object_component_ref idref="oc-17d"/>
      </symbol>
      <symbol id="sm-1221">
         <name>__aeabi_uidiv</name>
         <value>0x5a0c4</value>
         <object_component_ref idref="oc-17d"/>
      </symbol>
      <symbol id="sm-123a">
         <name>_nop</name>
         <value>0x5a21f</value>
         <object_component_ref idref="oc-2ab"/>
      </symbol>
      <symbol id="sm-123b">
         <name>_lock</name>
         <value>0x8014738</value>
         <object_component_ref idref="oc-126"/>
      </symbol>
      <symbol id="sm-123c">
         <name>_unlock</name>
         <value>0x801473c</value>
         <object_component_ref idref="oc-126"/>
      </symbol>
      <symbol id="sm-123d">
         <name>_register_lock</name>
         <value>0x5a217</value>
         <object_component_ref idref="oc-2ab"/>
      </symbol>
      <symbol id="sm-123e">
         <name>_register_unlock</name>
         <value>0x5a211</value>
         <object_component_ref idref="oc-2ab"/>
      </symbol>
      <symbol id="sm-1248">
         <name>__aeabi_idiv0</name>
         <value>0x59f43</value>
         <object_component_ref idref="oc-2c4"/>
      </symbol>
      <symbol id="sm-1249">
         <name>__TI_static_base__</name>
         <value>0x0</value>
      </symbol>
      <symbol id="sm-124f">
         <name>SHT$$INIT_ARRAY$$Base</name>
         <value>0x0</value>
      </symbol>
      <symbol id="sm-1250">
         <name>SHT$$INIT_ARRAY$$Limit</name>
         <value>0x0</value>
      </symbol>
   </symbol_table>
   <title>Link successful</title>
</link_info>
